{"level":"info","message":"🚀 Program executed \u001b[3m\u001b[34mjuego.rpg\u001b[39m\u001b[23m on \u001b[3m\u001b[34mc:\\Users\\zagum\\OneDrive\\Documentos\\Santiago\\Cosas\\Tareas\\Programacion Objetos1\\pruebaJuego\u001b[39m\u001b[23m","ok":true,"timeElapsed":1059,"timestamp":"2026-05-27T21:35:56.575Z"}
{"exitCode":"SIGHUP","level":"info","message":"👾 Game executed juego.rpg on c:\\Users\\zagum\\OneDrive\\Documentos\\Santiago\\Cosas\\Tareas\\Programacion Objetos1\\pruebaJuego","timeElapsed":82224,"timestamp":"2026-05-27T21:37:17.734Z"}
{"level":"info","message":"🚀 Program executed \u001b[3m\u001b[34mjuego.rpg\u001b[39m\u001b[23m on \u001b[3m\u001b[34mc:\\Users\\zagum\\OneDrive\\Documentos\\Santiago\\Cosas\\Tareas\\Programacion Objetos1\\pruebaJuego\u001b[39m\u001b[23m","ok":true,"timeElapsed":764,"timestamp":"2026-05-27T21:37:20.836Z"}
{"exitCode":"SIGHUP","level":"info","message":"👾 Game executed juego.rpg on c:\\Users\\zagum\\OneDrive\\Documentos\\Santiago\\Cosas\\Tareas\\Programacion Objetos1\\pruebaJuego","timeElapsed":48320,"timestamp":"2026-05-27T21:38:08.390Z"}
{"level":"info","message":"🚀 Program executed \u001b[3m\u001b[34mjuego.rpg\u001b[39m\u001b[23m on \u001b[3m\u001b[34mc:\\Users\\zagum\\OneDrive\\Documentos\\Santiago\\Cosas\\Tareas\\Programacion Objetos1\\pruebaJuego\u001b[39m\u001b[23m","ok":true,"timeElapsed":640,"timestamp":"2026-05-27T21:38:11.411Z"}
{"exitCode":"SIGHUP","level":"info","message":"👾 Game executed juego.rpg on c:\\Users\\zagum\\OneDrive\\Documentos\\Santiago\\Cosas\\Tareas\\Programacion Objetos1\\pruebaJuego","timeElapsed":357278,"timestamp":"2026-05-27T21:44:08.050Z"}
{"level":"info","message":"🚀 Program executed \u001b[3m\u001b[34mjuego.rpg\u001b[39m\u001b[23m on \u001b[3m\u001b[34mc:\\Users\\zagum\\OneDrive\\Documentos\\Santiago\\Cosas\\Tareas\\Programacion Objetos1\\pruebaJuego\u001b[39m\u001b[23m","ok":true,"timeElapsed":866,"timestamp":"2026-05-27T21:44:11.605Z"}
{"exitCode":"SIGHUP","level":"info","message":"👾 Game executed juego.rpg on c:\\Users\\zagum\\OneDrive\\Documentos\\Santiago\\Cosas\\Tareas\\Programacion Objetos1\\pruebaJuego","timeElapsed":42983,"timestamp":"2026-05-27T21:44:53.721Z"}
{"level":"info","message":"🚀 Program executed \u001b[3m\u001b[34mjuego.rpg\u001b[39m\u001b[23m on \u001b[3m\u001b[34mc:\\Users\\zagum\\OneDrive\\Documentos\\Santiago\\Cosas\\Tareas\\Programacion Objetos1\\pruebaJuego\u001b[39m\u001b[23m","ok":true,"timeElapsed":637,"timestamp":"2026-05-27T21:44:57.010Z"}
{"exitCode":"SIGHUP","level":"info","message":"👾 Game executed juego.rpg on c:\\Users\\zagum\\OneDrive\\Documentos\\Santiago\\Cosas\\Tareas\\Programacion Objetos1\\pruebaJuego","timeElapsed":2284813,"timestamp":"2026-05-27T22:23:01.191Z"}
{"level":"info","message":"🚀 Program executed \u001b[3m\u001b[34mjuego.rpg\u001b[39m\u001b[23m on \u001b[3m\u001b[34mc:\\Users\\zagum\\OneDrive\\Documentos\\Santiago\\Cosas\\Tareas\\Programacion Objetos1\\pruebaJuego\u001b[39m\u001b[23m","ok":true,"timeElapsed":1163,"timestamp":"2026-05-27T22:23:04.886Z"}
{"exitCode":"SIGHUP","level":"info","message":"👾 Game executed juego.rpg on c:\\Users\\zagum\\OneDrive\\Documentos\\Santiago\\Cosas\\Tareas\\Programacion Objetos1\\pruebaJuego","timeElapsed":27448,"timestamp":"2026-05-27T22:23:31.171Z"}
{"level":"info","message":"🚀 Program executed \u001b[3m\u001b[34mjuego.rpg\u001b[39m\u001b[23m on \u001b[3m\u001b[34mc:\\Users\\zagum\\OneDrive\\Documentos\\Santiago\\Cosas\\Tareas\\Programacion Objetos1\\pruebaJuego\u001b[39m\u001b[23m","ok":true,"timeElapsed":753,"timestamp":"2026-05-27T22:23:34.770Z"}
{"exitCode":"SIGHUP","level":"info","message":"👾 Game executed juego.rpg on c:\\Users\\zagum\\OneDrive\\Documentos\\Santiago\\Cosas\\Tareas\\Programacion Objetos1\\pruebaJuego","timeElapsed":23588,"timestamp":"2026-05-27T22:23:57.605Z"}
{"level":"info","message":"🚀 Program executed \u001b[3m\u001b[34mjuego.rpg\u001b[39m\u001b[23m on \u001b[3m\u001b[34mc:\\Users\\zagum\\OneDrive\\Documentos\\Santiago\\Cosas\\Tareas\\Programacion Objetos1\\pruebaJuego\u001b[39m\u001b[23m","ok":true,"timeElapsed":979,"timestamp":"2026-05-27T22:24:01.071Z"}
{"exitCode":"SIGHUP","level":"info","message":"👾 Game executed juego.rpg on c:\\Users\\zagum\\OneDrive\\Documentos\\Santiago\\Cosas\\Tareas\\Programacion Objetos1\\pruebaJuego","timeElapsed":86085,"timestamp":"2026-05-27T22:25:26.174Z"}
{"level":"info","message":"🚀 Program executed \u001b[3m\u001b[34mjuego.rpg\u001b[39m\u001b[23m on \u001b[3m\u001b[34mc:\\Users\\zagum\\OneDrive\\Documentos\\Santiago\\Cosas\\Tareas\\Programacion Objetos1\\pruebaJuego\u001b[39m\u001b[23m","ok":true,"timeElapsed":676,"timestamp":"2026-05-27T22:25:29.247Z"}
{"level":"info","message":"⌛ Building environment","timeElapsed":103,"timestamp":"2026-05-27T22:26:38.380Z"}
{"level":"error","message":"✘ Completions for node Send ([19:2, 19:28] - juego.wpgm) failed: Error: [Send]{8a4a8f} at juego.wpgm:19 exhausted all cases without a match [Send]{8a4a8f} at juego.wpgm:19 exhausted all cases without a match","stack":"Error: [Send]{8a4a8f} at juego.wpgm:19 exhausted all cases without a match\n    at c:\\Users\\zagum\\.vscode\\extensions\\uqbar.wollok-lsp-ide-0.5.4\\out\\server\\src\\server.js:38:6142\n    at L2 (c:\\Users\\zagum\\.vscode\\extensions\\uqbar.wollok-lsp-ide-0.5.4\\out\\server\\src\\server.js:2389:42)\n    at Jh (c:\\Users\\zagum\\.vscode\\extensions\\uqbar.wollok-lsp-ide-0.5.4\\out\\server\\src\\server.js:2389:1092)\n    at M5n (c:\\Users\\zagum\\.vscode\\extensions\\uqbar.wollok-lsp-ide-0.5.4\\out\\server\\src\\server.js:2389:1248)\n    at c:\\Users\\zagum\\.vscode\\extensions\\uqbar.wollok-lsp-ide-0.5.4\\out\\server\\src\\server.js:38:6131\n    at L2 (c:\\Users\\zagum\\.vscode\\extensions\\uqbar.wollok-lsp-ide-0.5.4\\out\\server\\src\\server.js:2389:42)\n    at c:\\Users\\zagum\\.vscode\\extensions\\uqbar.wollok-lsp-ide-0.5.4\\out\\server\\src\\server.js:2389:2988\n    at c:\\Users\\zagum\\.vscode\\extensions\\uqbar.wollok-lsp-ide-0.5.4\\out\\server\\src\\server.js:2398:8440\n    at c:\\Users\\zagum\\.vscode\\extensions\\uqbar.wollok-lsp-ide-0.5.4\\out\\server\\src\\server.js:37:74872\n    at Ke (c:\\Users\\zagum\\.vscode\\extensions\\uqbar.wollok-lsp-ide-0.5.4\\out\\server\\src\\server.js:7:8527)","timestamp":"2026-05-27T22:26:38.404Z"}
{"level":"info","message":"⌛ Building environment","timeElapsed":110,"timestamp":"2026-05-27T22:26:40.764Z"}
{"level":"error","message":"✘ Completions for node Send ([20:2, 20:21] - juego.wpgm) failed: Error: [Send]{4552ff} at juego.wpgm:20 exhausted all cases without a match [Send]{4552ff} at juego.wpgm:20 exhausted all cases without a match","stack":"Error: [Send]{4552ff} at juego.wpgm:20 exhausted all cases without a match\n    at c:\\Users\\zagum\\.vscode\\extensions\\uqbar.wollok-lsp-ide-0.5.4\\out\\server\\src\\server.js:38:6142\n    at L2 (c:\\Users\\zagum\\.vscode\\extensions\\uqbar.wollok-lsp-ide-0.5.4\\out\\server\\src\\server.js:2389:42)\n    at Jh (c:\\Users\\zagum\\.vscode\\extensions\\uqbar.wollok-lsp-ide-0.5.4\\out\\server\\src\\server.js:2389:1092)\n    at M5n (c:\\Users\\zagum\\.vscode\\extensions\\uqbar.wollok-lsp-ide-0.5.4\\out\\server\\src\\server.js:2389:1248)\n    at c:\\Users\\zagum\\.vscode\\extensions\\uqbar.wollok-lsp-ide-0.5.4\\out\\server\\src\\server.js:38:6131\n    at L2 (c:\\Users\\zagum\\.vscode\\extensions\\uqbar.wollok-lsp-ide-0.5.4\\out\\server\\src\\server.js:2389:42)\n    at c:\\Users\\zagum\\.vscode\\extensions\\uqbar.wollok-lsp-ide-0.5.4\\out\\server\\src\\server.js:2389:2988\n    at c:\\Users\\zagum\\.vscode\\extensions\\uqbar.wollok-lsp-ide-0.5.4\\out\\server\\src\\server.js:2398:8440\n    at c:\\Users\\zagum\\.vscode\\extensions\\uqbar.wollok-lsp-ide-0.5.4\\out\\server\\src\\server.js:37:74872\n    at Ke (c:\\Users\\zagum\\.vscode\\extensions\\uqbar.wollok-lsp-ide-0.5.4\\out\\server\\src\\server.js:7:8527)","timestamp":"2026-05-27T22:26:40.795Z"}
{"level":"info","message":"⌛ Building environment","timeElapsed":116,"timestamp":"2026-05-27T22:26:46.713Z"}
{"level":"info","message":"⌛ Validating juego.wpgm","timeElapsed":107,"timestamp":"2026-05-27T22:26:46.837Z"}
{"exitCode":"SIGHUP","level":"info","message":"👾 Game executed juego.rpg on c:\\Users\\zagum\\OneDrive\\Documentos\\Santiago\\Cosas\\Tareas\\Programacion Objetos1\\pruebaJuego","timeElapsed":87932,"timestamp":"2026-05-27T22:26:56.504Z"}
{"level":"info","message":"🚀 Program executed \u001b[3m\u001b[34mjuego.rpg\u001b[39m\u001b[23m on \u001b[3m\u001b[34mc:\\Users\\zagum\\OneDrive\\Documentos\\Santiago\\Cosas\\Tareas\\Programacion Objetos1\\pruebaJuego\u001b[39m\u001b[23m","ok":true,"timeElapsed":1372,"timestamp":"2026-05-27T22:27:00.272Z"}
{"level":"info","message":"⌛ Building environment","timeElapsed":159,"timestamp":"2026-05-27T22:27:57.042Z"}
{"level":"error","message":"✘ Failed to rebuild document Failed to parse objetos.wlk: \n-- PARSING FAILED --------------------------------------------------\n\n  19 |         })\n  20 |     }\n> 21 | }\n     | ^\n\nExpected one of the following: \n\n' ', '@', 'class', 'const', 'describe', 'mixin', 'object', 'only', 'package', 'program', 'test', 'var', '{', EOF, comment, not \"}\", whitespace\n","stack":"Error: Failed to parse objetos.wlk: \n-- PARSING FAILED --------------------------------------------------\n\n  19 |         })\n  20 |     }\n> 21 | }\n     | ^\n\nExpected one of the following: \n\n' ', '@', 'class', 'const', 'describe', 'mixin', 'object', 'only', 'package', 'program', 'test', 'var', '{', EOF, comment, not \"}\", whitespace\n\n    at c:\\Users\\zagum\\.vscode\\extensions\\uqbar.wollok-lsp-ide-0.5.4\\out\\server\\src\\server.js:2353:13026\n    at Array.map (<anonymous>)\n    at U1n (c:\\Users\\zagum\\.vscode\\extensions\\uqbar.wollok-lsp-ide-0.5.4\\out\\server\\src\\server.js:2353:12950)\n    at H2.buildEnvironmentFrom (c:\\Users\\zagum\\.vscode\\extensions\\uqbar.wollok-lsp-ide-0.5.4\\out\\server\\src\\server.js:2398:5254)\n    at H2.updateEnvironmentWith (c:\\Users\\zagum\\.vscode\\extensions\\uqbar.wollok-lsp-ide-0.5.4\\out\\server\\src\\server.js:2398:4989)\n    at GF (c:\\Users\\zagum\\.vscode\\extensions\\uqbar.wollok-lsp-ide-0.5.4\\out\\server\\src\\server.js:2398:7383)\n    at V3.invoke (c:\\Users\\zagum\\.vscode\\extensions\\uqbar.wollok-lsp-ide-0.5.4\\out\\server\\src\\server.js:3:157328)\n    at o.fire (c:\\Users\\zagum\\.vscode\\extensions\\uqbar.wollok-lsp-ide-0.5.4\\out\\server\\src\\server.js:3:158098)\n    at c:\\Users\\zagum\\.vscode\\extensions\\uqbar.wollok-lsp-ide-0.5.4\\out\\server\\src\\server.js:37:57871\n    at nd (c:\\Users\\zagum\\.vscode\\extensions\\uqbar.wollok-lsp-ide-0.5.4\\out\\server\\src\\server.js:8:1561)","timestamp":"2026-05-27T22:27:57.071Z"}
{"exitCode":"SIGHUP","level":"info","message":"👾 Game executed juego.rpg on c:\\Users\\zagum\\OneDrive\\Documentos\\Santiago\\Cosas\\Tareas\\Programacion Objetos1\\pruebaJuego","timeElapsed":63718,"timestamp":"2026-05-27T22:28:02.619Z"}
{"level":"info","message":"🚀 Program executed \u001b[3m\u001b[34mjuego.rpg\u001b[39m\u001b[23m on \u001b[3m\u001b[34mc:\\Users\\zagum\\OneDrive\\Documentos\\Santiago\\Cosas\\Tareas\\Programacion Objetos1\\pruebaJuego\u001b[39m\u001b[23m","ok":true,"timeElapsed":1228,"timestamp":"2026-05-27T22:28:06.709Z"}
{"level":"info","message":"⌛ Building environment","timeElapsed":103,"timestamp":"2026-05-27T22:29:00.630Z"}
{"level":"info","message":"⌛ Validating teclado.wlk","timeElapsed":110,"timestamp":"2026-05-27T22:29:00.743Z"}
{"level":"info","message":"⌛ Building environment","timeElapsed":121,"timestamp":"2026-05-27T22:29:00.865Z"}
{"level":"info","message":"⌛ Building environment","timeElapsed":111,"timestamp":"2026-05-27T22:29:01.616Z"}
{"level":"info","message":"⌛ Validating teclado.wlk","timeElapsed":148,"timestamp":"2026-05-27T22:29:01.765Z"}
{"level":"info","message":"⌛ Validating juego.wpgm","timeElapsed":109,"timestamp":"2026-05-27T22:29:07.520Z"}
{"level":"info","message":"⌛ Building environment","timeElapsed":139,"timestamp":"2026-05-27T22:29:07.660Z"}
{"level":"info","message":"⌛ Validating juego.wpgm","timeElapsed":104,"timestamp":"2026-05-27T22:29:07.764Z"}
{"level":"info","message":"⌛ Building environment","timeElapsed":103,"timestamp":"2026-05-27T22:29:08.501Z"}
{"level":"info","message":"⌛ Validating juego.wpgm","timeElapsed":120,"timestamp":"2026-05-27T22:29:08.630Z"}
{"level":"info","message":"⌛ Building environment","timeElapsed":112,"timestamp":"2026-05-27T22:29:09.380Z"}
{"level":"info","message":"⌛ Building environment","timeElapsed":191,"timestamp":"2026-05-27T22:29:10.870Z"}
{"level":"info","message":"⌛ Validating juego.wpgm","timeElapsed":119,"timestamp":"2026-05-27T22:29:10.991Z"}
{"level":"info","message":"⌛ Building environment","timeElapsed":141,"timestamp":"2026-05-27T22:29:11.895Z"}
{"level":"info","message":"⌛ Building environment","timeElapsed":161,"timestamp":"2026-05-27T22:29:12.061Z"}
{"level":"info","message":"⌛ Validating juego.wpgm","timeElapsed":124,"timestamp":"2026-05-27T22:29:12.185Z"}
{"level":"info","message":"⌛ Building environment","timeElapsed":113,"timestamp":"2026-05-27T22:29:12.299Z"}
{"level":"info","message":"⌛ Validating juego.wpgm","timeElapsed":149,"timestamp":"2026-05-27T22:29:12.457Z"}
{"level":"info","message":"⌛ Validating juego.wpgm","timeElapsed":106,"timestamp":"2026-05-27T22:29:12.571Z"}
{"level":"info","message":"⌛ Building environment","timeElapsed":140,"timestamp":"2026-05-27T22:29:12.715Z"}
{"level":"info","message":"⌛ Validating juego.wpgm","timeElapsed":107,"timestamp":"2026-05-27T22:29:12.823Z"}
{"level":"info","message":"⌛ Building environment","timeElapsed":206,"timestamp":"2026-05-27T22:29:17.327Z"}
{"level":"info","message":"⌛ Building environment","timeElapsed":160,"timestamp":"2026-05-27T22:29:17.499Z"}
{"level":"info","message":"⌛ Building environment","timeElapsed":109,"timestamp":"2026-05-27T22:29:17.712Z"}
{"level":"info","message":"⌛ Building environment","timeElapsed":211,"timestamp":"2026-05-27T22:29:18.003Z"}
{"level":"info","message":"⌛ Building environment","timeElapsed":206,"timestamp":"2026-05-27T22:29:18.210Z"}
{"level":"info","message":"⌛ Validating juego.wpgm","timeElapsed":143,"timestamp":"2026-05-27T22:29:18.354Z"}
{"level":"info","message":"⌛ Building environment","timeElapsed":124,"timestamp":"2026-05-27T22:29:18.479Z"}
{"level":"info","message":"⌛ Building environment","timeElapsed":121,"timestamp":"2026-05-27T22:29:18.600Z"}
{"level":"info","message":"⌛ Validating juego.wpgm","timeElapsed":152,"timestamp":"2026-05-27T22:29:18.757Z"}
{"level":"info","message":"⌛ Building environment","timeElapsed":105,"timestamp":"2026-05-27T22:29:18.975Z"}
{"level":"info","message":"⌛ Validating juego.wpgm","timeElapsed":127,"timestamp":"2026-05-27T22:29:19.129Z"}
{"level":"info","message":"⌛ Building environment","timeElapsed":149,"timestamp":"2026-05-27T22:29:19.279Z"}
{"level":"info","message":"⌛ Building environment","timeElapsed":129,"timestamp":"2026-05-27T22:29:19.494Z"}
{"level":"info","message":"⌛ Validating juego.wpgm","timeElapsed":142,"timestamp":"2026-05-27T22:29:19.819Z"}
{"level":"info","message":"⌛ Building environment","timeElapsed":105,"timestamp":"2026-05-27T22:29:20.020Z"}
{"level":"info","message":"⌛ Validating juego.wpgm","timeElapsed":106,"timestamp":"2026-05-27T22:29:20.126Z"}
{"level":"info","message":"⌛ Building environment","timeElapsed":164,"timestamp":"2026-05-27T22:29:20.292Z"}
{"level":"info","message":"⌛ Validating juego.wpgm","timeElapsed":102,"timestamp":"2026-05-27T22:29:20.446Z"}
{"level":"info","message":"⌛ Building environment","timeElapsed":133,"timestamp":"2026-05-27T22:29:20.672Z"}
{"level":"info","message":"⌛ Building environment","timeElapsed":163,"timestamp":"2026-05-27T22:29:21.032Z"}
{"exitCode":"SIGHUP","level":"info","message":"👾 Game executed juego.rpg on c:\\Users\\zagum\\OneDrive\\Documentos\\Santiago\\Cosas\\Tareas\\Programacion Objetos1\\pruebaJuego","timeElapsed":78433,"timestamp":"2026-05-27T22:29:23.911Z"}
{"level":"info","message":"🚀 Program executed \u001b[3m\u001b[34mjuego.rpg\u001b[39m\u001b[23m on \u001b[3m\u001b[34mc:\\Users\\zagum\\OneDrive\\Documentos\\Santiago\\Cosas\\Tareas\\Programacion Objetos1\\pruebaJuego\u001b[39m\u001b[23m","ok":true,"timeElapsed":803,"timestamp":"2026-05-27T22:29:27.078Z"}
{"level":"info","message":"⌛ Building environment","timeElapsed":168,"timestamp":"2026-05-27T22:30:37.650Z"}
{"level":"info","message":"⌛ Building environment","timeElapsed":136,"timestamp":"2026-05-27T22:30:37.787Z"}
{"level":"info","message":"⌛ Validating juego.wpgm","timeElapsed":220,"timestamp":"2026-05-27T22:30:38.008Z"}
{"level":"info","message":"⌛ Validating juego.wpgm","timeElapsed":185,"timestamp":"2026-05-27T22:30:38.193Z"}
{"level":"info","message":"⌛ Building environment","timeElapsed":212,"timestamp":"2026-05-27T22:30:38.790Z"}
{"level":"info","message":"⌛ Building environment","timeElapsed":197,"timestamp":"2026-05-27T22:30:38.995Z"}
{"level":"info","message":"⌛ Validating juego.wpgm","timeElapsed":201,"timestamp":"2026-05-27T22:30:39.197Z"}
{"level":"info","message":"⌛ Validating juego.wpgm","timeElapsed":106,"timestamp":"2026-05-27T22:30:39.313Z"}
{"level":"info","message":"⌛ Validating juego.wpgm","timeElapsed":113,"timestamp":"2026-05-27T22:30:39.793Z"}
{"level":"info","message":"⌛ Building environment","timeElapsed":163,"timestamp":"2026-05-27T22:30:39.961Z"}
{"level":"info","message":"⌛ Validating juego.wpgm","timeElapsed":174,"timestamp":"2026-05-27T22:30:40.137Z"}
{"level":"info","message":"⌛ Building environment","timeElapsed":107,"timestamp":"2026-05-27T22:30:41.045Z"}
{"level":"info","message":"⌛ Validating juego.wpgm","timeElapsed":166,"timestamp":"2026-05-27T22:30:41.213Z"}
{"level":"info","message":"⌛ Building environment","timeElapsed":114,"timestamp":"2026-05-27T22:30:41.328Z"}
{"level":"info","message":"⌛ Building environment","timeElapsed":153,"timestamp":"2026-05-27T22:30:42.167Z"}
{"level":"info","message":"⌛ Building environment","timeElapsed":130,"timestamp":"2026-05-27T22:30:42.298Z"}
{"level":"info","message":"⌛ Building environment","timeElapsed":137,"timestamp":"2026-05-27T22:30:43.225Z"}
{"level":"info","message":"⌛ Building environment","timeElapsed":107,"timestamp":"2026-05-27T22:30:43.343Z"}
{"exitCode":"SIGHUP","level":"info","message":"👾 Game executed juego.rpg on c:\\Users\\zagum\\OneDrive\\Documentos\\Santiago\\Cosas\\Tareas\\Programacion Objetos1\\pruebaJuego","timeElapsed":78694,"timestamp":"2026-05-27T22:30:44.972Z"}
{"level":"info","message":"🚀 Program executed \u001b[3m\u001b[34mjuego.rpg\u001b[39m\u001b[23m on \u001b[3m\u001b[34mc:\\Users\\zagum\\OneDrive\\Documentos\\Santiago\\Cosas\\Tareas\\Programacion Objetos1\\pruebaJuego\u001b[39m\u001b[23m","ok":true,"timeElapsed":1013,"timestamp":"2026-05-27T22:30:48.120Z"}
{"level":"info","message":"⌛ Building environment","timeElapsed":104,"timestamp":"2026-05-27T22:31:16.330Z"}
{"level":"info","message":"⌛ Validating juego.wpgm","timeElapsed":119,"timestamp":"2026-05-27T22:31:16.454Z"}
{"level":"info","message":"⌛ Building environment","timeElapsed":153,"timestamp":"2026-05-27T22:31:16.609Z"}
{"level":"info","message":"⌛ Validating juego.wpgm","timeElapsed":138,"timestamp":"2026-05-27T22:31:16.748Z"}
{"level":"info","message":"⌛ Building environment","timeElapsed":176,"timestamp":"2026-05-27T22:31:17.435Z"}
{"level":"info","message":"⌛ Building environment","timeElapsed":114,"timestamp":"2026-05-27T22:31:17.550Z"}
{"level":"info","message":"⌛ Validating juego.wpgm","timeElapsed":146,"timestamp":"2026-05-27T22:31:17.704Z"}
{"level":"info","message":"⌛ Building environment","timeElapsed":119,"timestamp":"2026-05-27T22:31:18.453Z"}
{"level":"info","message":"⌛ Validating juego.wpgm","timeElapsed":122,"timestamp":"2026-05-27T22:31:18.576Z"}
{"level":"info","message":"⌛ Building environment","timeElapsed":153,"timestamp":"2026-05-27T22:31:18.729Z"}
{"level":"info","message":"⌛ Building environment","timeElapsed":102,"timestamp":"2026-05-27T22:31:19.593Z"}
{"level":"info","message":"⌛ Building environment","timeElapsed":136,"timestamp":"2026-05-27T22:31:19.810Z"}
{"level":"info","message":"⌛ Building environment","timeElapsed":140,"timestamp":"2026-05-27T22:31:20.502Z"}
{"level":"info","message":"⌛ Validating juego.wpgm","timeElapsed":121,"timestamp":"2026-05-27T22:31:20.817Z"}
{"level":"info","message":"⌛ Building environment","timeElapsed":190,"timestamp":"2026-05-27T22:31:21.431Z"}
{"exitCode":"SIGHUP","level":"info","message":"👾 Game executed juego.rpg on c:\\Users\\zagum\\OneDrive\\Documentos\\Santiago\\Cosas\\Tareas\\Programacion Objetos1\\pruebaJuego","timeElapsed":36629,"timestamp":"2026-05-27T22:31:23.735Z"}
{"level":"info","message":"🚀 Program executed \u001b[3m\u001b[34mjuego.rpg\u001b[39m\u001b[23m on \u001b[3m\u001b[34mc:\\Users\\zagum\\OneDrive\\Documentos\\Santiago\\Cosas\\Tareas\\Programacion Objetos1\\pruebaJuego\u001b[39m\u001b[23m","ok":true,"timeElapsed":702,"timestamp":"2026-05-27T22:31:26.678Z"}
{"exitCode":"SIGHUP","level":"info","message":"👾 Game executed juego.rpg on c:\\Users\\zagum\\OneDrive\\Documentos\\Santiago\\Cosas\\Tareas\\Programacion Objetos1\\pruebaJuego","timeElapsed":211796,"timestamp":"2026-05-27T22:34:57.781Z"}
{"level":"info","message":"🚀 Program executed \u001b[3m\u001b[34mjuego.rpg\u001b[39m\u001b[23m on \u001b[3m\u001b[34mc:\\Users\\zagum\\OneDrive\\Documentos\\Santiago\\Cosas\\Tareas\\Programacion Objetos1\\pruebaJuego\u001b[39m\u001b[23m","ok":true,"timeElapsed":621,"timestamp":"2026-05-27T22:35:00.615Z"}
{"level":"info","message":"⌛ Validating teclado.wlk","timeElapsed":116,"timestamp":"2026-05-27T22:39:02.651Z"}
{"level":"info","message":"⌛ Validating teclado.wlk","timeElapsed":101,"timestamp":"2026-05-27T22:39:03.431Z"}
{"level":"info","message":"⌛ Validating juego.wpgm","timeElapsed":110,"timestamp":"2026-05-27T22:39:10.823Z"}
{"exitCode":"SIGHUP","level":"info","message":"👾 Game executed juego.rpg on c:\\Users\\zagum\\OneDrive\\Documentos\\Santiago\\Cosas\\Tareas\\Programacion Objetos1\\pruebaJuego","timeElapsed":4073396,"timestamp":"2026-05-27T23:42:53.396Z"}
{"level":"info","message":"🚀 Program executed \u001b[3m\u001b[34mjuego.rpg\u001b[39m\u001b[23m on \u001b[3m\u001b[34mc:\\Users\\zagum\\OneDrive\\Documentos\\Santiago\\Cosas\\Tareas\\Programacion Objetos1\\pruebaJuego\u001b[39m\u001b[23m","ok":true,"timeElapsed":544,"timestamp":"2026-05-27T23:42:55.924Z"}
{"level":"info","message":"⌛ Building environment","timeElapsed":226,"timestamp":"2026-05-27T23:44:26.844Z"}
{"level":"info","message":"⌛ Building environment","timeElapsed":121,"timestamp":"2026-05-27T23:44:26.966Z"}
{"level":"info","message":"Removing diagnostics from /C:/Users/zagum/OneDrive/Documentos/Santiago/Cosas/Tareas/Programacion Objetos1/pruebaJuego/assets/AntocrchaArr_1.png","timestamp":"2026-05-27T23:44:27.068Z"}
{"level":"info","message":"⌛ Building environment","timeElapsed":139,"timestamp":"2026-05-27T23:44:28.995Z"}
{"level":"info","message":"Removing diagnostics from /C:/Users/zagum/OneDrive/Documentos/Santiago/Cosas/Tareas/Programacion Objetos1/pruebaJuego/assets/AntocrchaArr_3.png","timestamp":"2026-05-27T23:44:29.100Z"}
{"level":"info","message":"⌛ Building environment","timeElapsed":128,"timestamp":"2026-05-27T23:44:33.519Z"}
{"level":"info","message":"Removing diagnostics from /C:/Users/zagum/OneDrive/Documentos/Santiago/Cosas/Tareas/Programacion Objetos1/pruebaJuego/assets/AntocrchaArr_2.png","timestamp":"2026-05-27T23:44:33.619Z"}
{"level":"info","message":"⌛ Building environment","timeElapsed":130,"timestamp":"2026-05-27T23:44:37.644Z"}
{"level":"info","message":"Removing diagnostics from /C:/Users/zagum/OneDrive/Documentos/Santiago/Cosas/Tareas/Programacion Objetos1/pruebaJuego/assets/AntocrchaArr_4.png","timestamp":"2026-05-27T23:44:37.757Z"}
{"level":"info","message":"⌛ Building environment","timeElapsed":110,"timestamp":"2026-05-27T23:44:41.696Z"}
{"level":"info","message":"Removing diagnostics from /C:/Users/zagum/OneDrive/Documentos/Santiago/Cosas/Tareas/Programacion Objetos1/pruebaJuego/assets/AntocrchaArr_5.png","timestamp":"2026-05-27T23:44:41.805Z"}
{"level":"info","message":"⌛ Building environment","timeElapsed":139,"timestamp":"2026-05-27T23:44:45.466Z"}
{"level":"info","message":"Removing diagnostics from /C:/Users/zagum/OneDrive/Documentos/Santiago/Cosas/Tareas/Programacion Objetos1/pruebaJuego/assets/AntocrchaArr_6.png","timestamp":"2026-05-27T23:44:45.576Z"}
{"level":"info","message":"⌛ Building environment","timeElapsed":124,"timestamp":"2026-05-27T23:44:50.026Z"}
{"level":"info","message":"Removing diagnostics from /C:/Users/zagum/OneDrive/Documentos/Santiago/Cosas/Tareas/Programacion Objetos1/pruebaJuego/assets/AntocrchaArr_7.png","timestamp":"2026-05-27T23:44:50.141Z"}
{"level":"info","message":"⌛ Building environment","timeElapsed":105,"timestamp":"2026-05-27T23:44:55.033Z"}
{"level":"info","message":"Removing diagnostics from /C:/Users/zagum/OneDrive/Documentos/Santiago/Cosas/Tareas/Programacion Objetos1/pruebaJuego/assets/AntocrchaArr_8.png","timestamp":"2026-05-27T23:44:55.135Z"}
{"level":"error","message":"✘ Completions for node Variable ([22:3, 22:61] - juego.wpgm) failed: Error: antorcha3 [Variable]{51d291} at juego.wpgm:22 exhausted all cases without a match antorcha3 [Variable]{51d291} at juego.wpgm:22 exhausted all cases without a match","stack":"Error: antorcha3 [Variable]{51d291} at juego.wpgm:22 exhausted all cases without a match\n    at c:\\Users\\zagum\\.vscode\\extensions\\uqbar.wollok-lsp-ide-0.5.4\\out\\server\\src\\server.js:38:6142\n    at L2 (c:\\Users\\zagum\\.vscode\\extensions\\uqbar.wollok-lsp-ide-0.5.4\\out\\server\\src\\server.js:2389:42)\n    at c:\\Users\\zagum\\.vscode\\extensions\\uqbar.wollok-lsp-ide-0.5.4\\out\\server\\src\\server.js:2389:2988\n    at c:\\Users\\zagum\\.vscode\\extensions\\uqbar.wollok-lsp-ide-0.5.4\\out\\server\\src\\server.js:2398:8440\n    at c:\\Users\\zagum\\.vscode\\extensions\\uqbar.wollok-lsp-ide-0.5.4\\out\\server\\src\\server.js:37:74872\n    at Ke (c:\\Users\\zagum\\.vscode\\extensions\\uqbar.wollok-lsp-ide-0.5.4\\out\\server\\src\\server.js:7:8527)\n    at Lt (c:\\Users\\zagum\\.vscode\\extensions\\uqbar.wollok-lsp-ide-0.5.4\\out\\server\\src\\server.js:7:6189)\n    at ct (c:\\Users\\zagum\\.vscode\\extensions\\uqbar.wollok-lsp-ide-0.5.4\\out\\server\\src\\server.js:7:6378)\n    at Immediate._onImmediate (c:\\Users\\zagum\\.vscode\\extensions\\uqbar.wollok-lsp-ide-0.5.4\\out\\server\\src\\server.js:7:6142)\n    at process.processImmediate (node:internal/timers:484:21)","timestamp":"2026-05-27T23:46:01.703Z"}
{"level":"error","message":"✘ Completions for node Variable ([26:3, 26:61] - juego.wpgm) failed: Error: antorcha4 [Variable]{062349} at juego.wpgm:26 exhausted all cases without a match antorcha4 [Variable]{062349} at juego.wpgm:26 exhausted all cases without a match","stack":"Error: antorcha4 [Variable]{062349} at juego.wpgm:26 exhausted all cases without a match\n    at c:\\Users\\zagum\\.vscode\\extensions\\uqbar.wollok-lsp-ide-0.5.4\\out\\server\\src\\server.js:38:6142\n    at L2 (c:\\Users\\zagum\\.vscode\\extensions\\uqbar.wollok-lsp-ide-0.5.4\\out\\server\\src\\server.js:2389:42)\n    at c:\\Users\\zagum\\.vscode\\extensions\\uqbar.wollok-lsp-ide-0.5.4\\out\\server\\src\\server.js:2389:2988\n    at c:\\Users\\zagum\\.vscode\\extensions\\uqbar.wollok-lsp-ide-0.5.4\\out\\server\\src\\server.js:2398:8440\n    at c:\\Users\\zagum\\.vscode\\extensions\\uqbar.wollok-lsp-ide-0.5.4\\out\\server\\src\\server.js:37:74872\n    at Ke (c:\\Users\\zagum\\.vscode\\extensions\\uqbar.wollok-lsp-ide-0.5.4\\out\\server\\src\\server.js:7:8527)\n    at Lt (c:\\Users\\zagum\\.vscode\\extensions\\uqbar.wollok-lsp-ide-0.5.4\\out\\server\\src\\server.js:7:6189)\n    at ct (c:\\Users\\zagum\\.vscode\\extensions\\uqbar.wollok-lsp-ide-0.5.4\\out\\server\\src\\server.js:7:6378)\n    at Immediate._onImmediate (c:\\Users\\zagum\\.vscode\\extensions\\uqbar.wollok-lsp-ide-0.5.4\\out\\server\\src\\server.js:7:6142)\n    at process.processImmediate (node:internal/timers:484:21)","timestamp":"2026-05-27T23:46:03.246Z"}
{"level":"error","message":"✘ Completions for node Send ([27:2, 27:28] - juego.wpgm) failed: Error: [Send]{03cb48} at juego.wpgm:27 exhausted all cases without a match [Send]{03cb48} at juego.wpgm:27 exhausted all cases without a match","stack":"Error: [Send]{03cb48} at juego.wpgm:27 exhausted all cases without a match\n    at c:\\Users\\zagum\\.vscode\\extensions\\uqbar.wollok-lsp-ide-0.5.4\\out\\server\\src\\server.js:38:6142\n    at L2 (c:\\Users\\zagum\\.vscode\\extensions\\uqbar.wollok-lsp-ide-0.5.4\\out\\server\\src\\server.js:2389:42)\n    at Jh (c:\\Users\\zagum\\.vscode\\extensions\\uqbar.wollok-lsp-ide-0.5.4\\out\\server\\src\\server.js:2389:1092)\n    at M5n (c:\\Users\\zagum\\.vscode\\extensions\\uqbar.wollok-lsp-ide-0.5.4\\out\\server\\src\\server.js:2389:1248)\n    at c:\\Users\\zagum\\.vscode\\extensions\\uqbar.wollok-lsp-ide-0.5.4\\out\\server\\src\\server.js:38:6131\n    at L2 (c:\\Users\\zagum\\.vscode\\extensions\\uqbar.wollok-lsp-ide-0.5.4\\out\\server\\src\\server.js:2389:42)\n    at c:\\Users\\zagum\\.vscode\\extensions\\uqbar.wollok-lsp-ide-0.5.4\\out\\server\\src\\server.js:2389:2988\n    at c:\\Users\\zagum\\.vscode\\extensions\\uqbar.wollok-lsp-ide-0.5.4\\out\\server\\src\\server.js:2398:8440\n    at c:\\Users\\zagum\\.vscode\\extensions\\uqbar.wollok-lsp-ide-0.5.4\\out\\server\\src\\server.js:37:74872\n    at Ke (c:\\Users\\zagum\\.vscode\\extensions\\uqbar.wollok-lsp-ide-0.5.4\\out\\server\\src\\server.js:7:8527)","timestamp":"2026-05-27T23:46:07.661Z"}
{"level":"error","message":"✘ Completions for node Send ([28:2, 28:21] - juego.wpgm) failed: Error: [Send]{9cdd51} at juego.wpgm:28 exhausted all cases without a match [Send]{9cdd51} at juego.wpgm:28 exhausted all cases without a match","stack":"Error: [Send]{9cdd51} at juego.wpgm:28 exhausted all cases without a match\n    at c:\\Users\\zagum\\.vscode\\extensions\\uqbar.wollok-lsp-ide-0.5.4\\out\\server\\src\\server.js:38:6142\n    at L2 (c:\\Users\\zagum\\.vscode\\extensions\\uqbar.wollok-lsp-ide-0.5.4\\out\\server\\src\\server.js:2389:42)\n    at Jh (c:\\Users\\zagum\\.vscode\\extensions\\uqbar.wollok-lsp-ide-0.5.4\\out\\server\\src\\server.js:2389:1092)\n    at M5n (c:\\Users\\zagum\\.vscode\\extensions\\uqbar.wollok-lsp-ide-0.5.4\\out\\server\\src\\server.js:2389:1248)\n    at c:\\Users\\zagum\\.vscode\\extensions\\uqbar.wollok-lsp-ide-0.5.4\\out\\server\\src\\server.js:38:6131\n    at L2 (c:\\Users\\zagum\\.vscode\\extensions\\uqbar.wollok-lsp-ide-0.5.4\\out\\server\\src\\server.js:2389:42)\n    at c:\\Users\\zagum\\.vscode\\extensions\\uqbar.wollok-lsp-ide-0.5.4\\out\\server\\src\\server.js:2389:2988\n    at c:\\Users\\zagum\\.vscode\\extensions\\uqbar.wollok-lsp-ide-0.5.4\\out\\server\\src\\server.js:2398:8440\n    at c:\\Users\\zagum\\.vscode\\extensions\\uqbar.wollok-lsp-ide-0.5.4\\out\\server\\src\\server.js:37:74872\n    at Ke (c:\\Users\\zagum\\.vscode\\extensions\\uqbar.wollok-lsp-ide-0.5.4\\out\\server\\src\\server.js:7:8527)","timestamp":"2026-05-27T23:46:09.836Z"}
{"level":"error","message":"✘ Completions for node Send ([24:2, 24:21] - juego.wpgm) failed: Error: [Send]{e313fe} at juego.wpgm:24 exhausted all cases without a match [Send]{e313fe} at juego.wpgm:24 exhausted all cases without a match","stack":"Error: [Send]{e313fe} at juego.wpgm:24 exhausted all cases without a match\n    at c:\\Users\\zagum\\.vscode\\extensions\\uqbar.wollok-lsp-ide-0.5.4\\out\\server\\src\\server.js:38:6142\n    at L2 (c:\\Users\\zagum\\.vscode\\extensions\\uqbar.wollok-lsp-ide-0.5.4\\out\\server\\src\\server.js:2389:42)\n    at Jh (c:\\Users\\zagum\\.vscode\\extensions\\uqbar.wollok-lsp-ide-0.5.4\\out\\server\\src\\server.js:2389:1092)\n    at M5n (c:\\Users\\zagum\\.vscode\\extensions\\uqbar.wollok-lsp-ide-0.5.4\\out\\server\\src\\server.js:2389:1248)\n    at c:\\Users\\zagum\\.vscode\\extensions\\uqbar.wollok-lsp-ide-0.5.4\\out\\server\\src\\server.js:38:6131\n    at L2 (c:\\Users\\zagum\\.vscode\\extensions\\uqbar.wollok-lsp-ide-0.5.4\\out\\server\\src\\server.js:2389:42)\n    at c:\\Users\\zagum\\.vscode\\extensions\\uqbar.wollok-lsp-ide-0.5.4\\out\\server\\src\\server.js:2389:2988\n    at c:\\Users\\zagum\\.vscode\\extensions\\uqbar.wollok-lsp-ide-0.5.4\\out\\server\\src\\server.js:2398:8440\n    at c:\\Users\\zagum\\.vscode\\extensions\\uqbar.wollok-lsp-ide-0.5.4\\out\\server\\src\\server.js:37:74872\n    at Ke (c:\\Users\\zagum\\.vscode\\extensions\\uqbar.wollok-lsp-ide-0.5.4\\out\\server\\src\\server.js:7:8527)","timestamp":"2026-05-27T23:46:12.482Z"}
{"level":"error","message":"✘ Completions for node Send ([23:2, 23:28] - juego.wpgm) failed: Error: [Send]{b81066} at juego.wpgm:23 exhausted all cases without a match [Send]{b81066} at juego.wpgm:23 exhausted all cases without a match","stack":"Error: [Send]{b81066} at juego.wpgm:23 exhausted all cases without a match\n    at c:\\Users\\zagum\\.vscode\\extensions\\uqbar.wollok-lsp-ide-0.5.4\\out\\server\\src\\server.js:38:6142\n    at L2 (c:\\Users\\zagum\\.vscode\\extensions\\uqbar.wollok-lsp-ide-0.5.4\\out\\server\\src\\server.js:2389:42)\n    at Jh (c:\\Users\\zagum\\.vscode\\extensions\\uqbar.wollok-lsp-ide-0.5.4\\out\\server\\src\\server.js:2389:1092)\n    at M5n (c:\\Users\\zagum\\.vscode\\extensions\\uqbar.wollok-lsp-ide-0.5.4\\out\\server\\src\\server.js:2389:1248)\n    at c:\\Users\\zagum\\.vscode\\extensions\\uqbar.wollok-lsp-ide-0.5.4\\out\\server\\src\\server.js:38:6131\n    at L2 (c:\\Users\\zagum\\.vscode\\extensions\\uqbar.wollok-lsp-ide-0.5.4\\out\\server\\src\\server.js:2389:42)\n    at c:\\Users\\zagum\\.vscode\\extensions\\uqbar.wollok-lsp-ide-0.5.4\\out\\server\\src\\server.js:2389:2988\n    at c:\\Users\\zagum\\.vscode\\extensions\\uqbar.wollok-lsp-ide-0.5.4\\out\\server\\src\\server.js:2398:8440\n    at c:\\Users\\zagum\\.vscode\\extensions\\uqbar.wollok-lsp-ide-0.5.4\\out\\server\\src\\server.js:37:74872\n    at Ke (c:\\Users\\zagum\\.vscode\\extensions\\uqbar.wollok-lsp-ide-0.5.4\\out\\server\\src\\server.js:7:8527)","timestamp":"2026-05-27T23:46:13.152Z"}
{"exitCode":"SIGHUP","level":"info","message":"👾 Game executed juego.rpg on c:\\Users\\zagum\\OneDrive\\Documentos\\Santiago\\Cosas\\Tareas\\Programacion Objetos1\\pruebaJuego","timeElapsed":226084,"timestamp":"2026-05-27T23:46:41.462Z"}
{"level":"info","message":"🚀 Program executed \u001b[3m\u001b[34mjuego.rpg\u001b[39m\u001b[23m on \u001b[3m\u001b[34mc:\\Users\\zagum\\OneDrive\\Documentos\\Santiago\\Cosas\\Tareas\\Programacion Objetos1\\pruebaJuego\u001b[39m\u001b[23m","ok":true,"timeElapsed":470,"timestamp":"2026-05-27T23:46:43.167Z"}
{"exitCode":"SIGHUP","level":"info","message":"👾 Game executed juego.rpg on c:\\Users\\zagum\\OneDrive\\Documentos\\Santiago\\Cosas\\Tareas\\Programacion Objetos1\\pruebaJuego","timeElapsed":39242,"timestamp":"2026-05-27T23:47:21.938Z"}
{"level":"info","message":"🚀 Program executed \u001b[3m\u001b[34mjuego.rpg\u001b[39m\u001b[23m on \u001b[3m\u001b[34mc:\\Users\\zagum\\OneDrive\\Documentos\\Santiago\\Cosas\\Tareas\\Programacion Objetos1\\pruebaJuego\u001b[39m\u001b[23m","ok":true,"timeElapsed":471,"timestamp":"2026-05-27T23:47:23.771Z"}
{"exitCode":"SIGHUP","level":"info","message":"👾 Game executed juego.rpg on c:\\Users\\zagum\\OneDrive\\Documentos\\Santiago\\Cosas\\Tareas\\Programacion Objetos1\\pruebaJuego","timeElapsed":19189,"timestamp":"2026-05-27T23:47:42.489Z"}
{"level":"info","message":"🚀 Program executed \u001b[3m\u001b[34mjuego.rpg\u001b[39m\u001b[23m on \u001b[3m\u001b[34mc:\\Users\\zagum\\OneDrive\\Documentos\\Santiago\\Cosas\\Tareas\\Programacion Objetos1\\pruebaJuego\u001b[39m\u001b[23m","ok":true,"timeElapsed":531,"timestamp":"2026-05-27T23:47:44.245Z"}
{"exitCode":"SIGHUP","level":"info","message":"👾 Game executed juego.rpg on c:\\Users\\zagum\\OneDrive\\Documentos\\Santiago\\Cosas\\Tareas\\Programacion Objetos1\\pruebaJuego","timeElapsed":1014300,"timestamp":"2026-05-28T00:04:38.014Z"}
{"level":"info","message":"🚀 Program executed \u001b[3m\u001b[34mjuego.rpg\u001b[39m\u001b[23m on \u001b[3m\u001b[34mc:\\Users\\zagum\\OneDrive\\Documentos\\Santiago\\Cosas\\Tareas\\Programacion Objetos1\\pruebaJuego\u001b[39m\u001b[23m","ok":true,"timeElapsed":475,"timestamp":"2026-05-28T00:04:39.754Z"}
{"level":"error","message":"✘ Failed to rebuild document Failed to parse personaje.wlk: \n-- PARSING FAILED --------------------------------------------------\n\n  109 |           tileA.image(\"pj_\" + dirActual + \"_a_\" + frameActual + \".png\")\n  110 |           tileB.image(\"pj_\" + dirActual + \"_b_\" + frameActual + \".png\")\n> 111 |         } else {\n      |         ^\n  112 |           game.removeVisual(tileA)\n  113 |           game.removeVisual(tileB)\n\nExpected one of the following: \n\n'@', 'class', 'const', 'describe', 'mixin', 'object', 'only', 'package', 'program', 'test', 'var', '{', EOF, comment, not \"} \", whitespace\n","stack":"Error: Failed to parse personaje.wlk: \n-- PARSING FAILED --------------------------------------------------\n\n  109 |           tileA.image(\"pj_\" + dirActual + \"_a_\" + frameActual + \".png\")\n  110 |           tileB.image(\"pj_\" + dirActual + \"_b_\" + frameActual + \".png\")\n> 111 |         } else {\n      |         ^\n  112 |           game.removeVisual(tileA)\n  113 |           game.removeVisual(tileB)\n\nExpected one of the following: \n\n'@', 'class', 'const', 'describe', 'mixin', 'object', 'only', 'package', 'program', 'test', 'var', '{', EOF, comment, not \"} \", whitespace\n\n    at c:\\Users\\zagum\\.vscode\\extensions\\uqbar.wollok-lsp-ide-0.5.4\\out\\server\\src\\server.js:2353:13026\n    at Array.map (<anonymous>)\n    at U1n (c:\\Users\\zagum\\.vscode\\extensions\\uqbar.wollok-lsp-ide-0.5.4\\out\\server\\src\\server.js:2353:12950)\n    at H2.buildEnvironmentFrom (c:\\Users\\zagum\\.vscode\\extensions\\uqbar.wollok-lsp-ide-0.5.4\\out\\server\\src\\server.js:2398:5254)\n    at H2.updateEnvironmentWith (c:\\Users\\zagum\\.vscode\\extensions\\uqbar.wollok-lsp-ide-0.5.4\\out\\server\\src\\server.js:2398:4989)\n    at GF (c:\\Users\\zagum\\.vscode\\extensions\\uqbar.wollok-lsp-ide-0.5.4\\out\\server\\src\\server.js:2398:7383)\n    at V3.invoke (c:\\Users\\zagum\\.vscode\\extensions\\uqbar.wollok-lsp-ide-0.5.4\\out\\server\\src\\server.js:3:157328)\n    at o.fire (c:\\Users\\zagum\\.vscode\\extensions\\uqbar.wollok-lsp-ide-0.5.4\\out\\server\\src\\server.js:3:158098)\n    at c:\\Users\\zagum\\.vscode\\extensions\\uqbar.wollok-lsp-ide-0.5.4\\out\\server\\src\\server.js:37:57871\n    at nd (c:\\Users\\zagum\\.vscode\\extensions\\uqbar.wollok-lsp-ide-0.5.4\\out\\server\\src\\server.js:8:1561)","timestamp":"2026-05-28T00:05:27.031Z"}
{"exitCode":"SIGHUP","level":"info","message":"👾 Game executed juego.rpg on c:\\Users\\zagum\\OneDrive\\Documentos\\Santiago\\Cosas\\Tareas\\Programacion Objetos1\\pruebaJuego","timeElapsed":50283,"timestamp":"2026-05-28T00:05:29.561Z"}
{"level":"info","message":"🚀 Program executed \u001b[3m\u001b[34mjuego.rpg\u001b[39m\u001b[23m on \u001b[3m\u001b[34mc:\\Users\\zagum\\OneDrive\\Documentos\\Santiago\\Cosas\\Tareas\\Programacion Objetos1\\pruebaJuego\u001b[39m\u001b[23m","ok":true,"timeElapsed":516,"timestamp":"2026-05-28T00:05:31.397Z"}
{"exitCode":"SIGHUP","level":"info","message":"👾 Game executed juego.rpg on c:\\Users\\zagum\\OneDrive\\Documentos\\Santiago\\Cosas\\Tareas\\Programacion Objetos1\\pruebaJuego","timeElapsed":11561318,"timestamp":"2026-05-28T03:18:12.219Z"}
{"level":"info","message":"🚀 Program executed \u001b[3m\u001b[34mjuego.rpg\u001b[39m\u001b[23m on \u001b[3m\u001b[34mc:\\Users\\zagum\\OneDrive\\Documentos\\Santiago\\Cosas\\Tareas\\Programacion Objetos1\\pruebaJuego\u001b[39m\u001b[23m","ok":true,"timeElapsed":478,"timestamp":"2026-05-28T03:18:14.229Z"}
{"level":"info","message":"⌛ Building environment","timeElapsed":105,"timestamp":"2026-05-28T03:22:05.228Z"}
{"level":"info","message":"⌛ Validating juego.wpgm","timeElapsed":104,"timestamp":"2026-05-28T03:22:05.337Z"}
{"level":"info","message":"⌛ Building environment","timeElapsed":101,"timestamp":"2026-05-28T03:22:10.816Z"}
{"level":"error","message":"✘ Failed to rebuild document Failed to parse juego.wpgm: \n-- PARSING FAILED --------------------------------------------------\n\n  37 | \n  38 |   game.start()\n> 39 | }\n     | ^\n  40 | \n  41 | object colisiones{\n\nExpected one of the following: \n\n'@', 'class', 'const', 'describe', 'mixin', 'object', 'only', 'package', 'program', 'test', 'var', '{', EOF, comment, not \"}\r\n\r\n\", whitespace\n","stack":"Error: Failed to parse juego.wpgm: \n-- PARSING FAILED --------------------------------------------------\n\n  37 | \n  38 |   game.start()\n> 39 | }\n     | ^\n  40 | \n  41 | object colisiones{\n\nExpected one of the following: \n\n'@', 'class', 'const', 'describe', 'mixin', 'object', 'only', 'package', 'program', 'test', 'var', '{', EOF, comment, not \"}\r\n\r\n\", whitespace\n\n    at c:\\Users\\zagum\\.vscode\\extensions\\uqbar.wollok-lsp-ide-0.5.4\\out\\server\\src\\server.js:2353:13026\n    at Array.map (<anonymous>)\n    at U1n (c:\\Users\\zagum\\.vscode\\extensions\\uqbar.wollok-lsp-ide-0.5.4\\out\\server\\src\\server.js:2353:12950)\n    at H2.buildEnvironmentFrom (c:\\Users\\zagum\\.vscode\\extensions\\uqbar.wollok-lsp-ide-0.5.4\\out\\server\\src\\server.js:2398:5254)\n    at H2.updateEnvironmentWith (c:\\Users\\zagum\\.vscode\\extensions\\uqbar.wollok-lsp-ide-0.5.4\\out\\server\\src\\server.js:2398:4989)\n    at GF (c:\\Users\\zagum\\.vscode\\extensions\\uqbar.wollok-lsp-ide-0.5.4\\out\\server\\src\\server.js:2398:7383)\n    at V3.invoke (c:\\Users\\zagum\\.vscode\\extensions\\uqbar.wollok-lsp-ide-0.5.4\\out\\server\\src\\server.js:3:157328)\n    at o.fire (c:\\Users\\zagum\\.vscode\\extensions\\uqbar.wollok-lsp-ide-0.5.4\\out\\server\\src\\server.js:3:158098)\n    at c:\\Users\\zagum\\.vscode\\extensions\\uqbar.wollok-lsp-ide-0.5.4\\out\\server\\src\\server.js:37:57871\n    at nd (c:\\Users\\zagum\\.vscode\\extensions\\uqbar.wollok-lsp-ide-0.5.4\\out\\server\\src\\server.js:8:1561)","timestamp":"2026-05-28T03:22:53.387Z"}
{"level":"info","message":"⌛ Building environment","timeElapsed":138,"timestamp":"2026-05-28T03:23:16.778Z"}
{"level":"info","message":"Removing diagnostics from /C:/Users/zagum/OneDrive/Documentos/Santiago/Cosas/Tareas/Programacion Objetos1/pruebaJuego/assets/03. As My Queen Commands.mp3","timestamp":"2026-05-28T03:23:16.892Z"}
{"level":"info","message":"⌛ Building environment","timeElapsed":152,"timestamp":"2026-05-28T03:23:20.486Z"}
{"level":"info","message":"Removing diagnostics from /C:/Users/zagum/OneDrive/Documentos/Santiago/Cosas/Tareas/Programacion Objetos1/pruebaJuego/assets/04. Severed Soul.mp3","timestamp":"2026-05-28T03:23:20.589Z"}
{"level":"info","message":"⌛ Building environment","timeElapsed":135,"timestamp":"2026-05-28T03:23:26.682Z"}
{"level":"info","message":"Removing diagnostics from /C:/Users/zagum/OneDrive/Documentos/Santiago/Cosas/Tareas/Programacion Objetos1/pruebaJuego/assets/05. Pierced By Spikes.mp3","timestamp":"2026-05-28T03:23:26.790Z"}
{"level":"info","message":"⌛ Building environment","timeElapsed":149,"timestamp":"2026-05-28T03:23:30.709Z"}
{"level":"info","message":"Removing diagnostics from /C:/Users/zagum/OneDrive/Documentos/Santiago/Cosas/Tareas/Programacion Objetos1/pruebaJuego/assets/06. By Royal Decree.mp3","timestamp":"2026-05-28T03:23:30.820Z"}
{"level":"info","message":"⌛ Building environment","timeElapsed":177,"timestamp":"2026-05-28T03:23:33.714Z"}
{"level":"info","message":"Removing diagnostics from /C:/Users/zagum/OneDrive/Documentos/Santiago/Cosas/Tareas/Programacion Objetos1/pruebaJuego/assets/07. Endless Corridors.mp3","timestamp":"2026-05-28T03:23:33.822Z"}
{"level":"info","message":"⌛ Building environment","timeElapsed":144,"timestamp":"2026-05-28T03:23:37.762Z"}
{"level":"info","message":"Removing diagnostics from /C:/Users/zagum/OneDrive/Documentos/Santiago/Cosas/Tareas/Programacion Objetos1/pruebaJuego/assets/08. Tower Long Forgotten.mp3","timestamp":"2026-05-28T03:23:37.868Z"}
{"level":"info","message":"⌛ Building environment","timeElapsed":146,"timestamp":"2026-05-28T03:23:44.399Z"}
{"level":"info","message":"Removing diagnostics from /C:/Users/zagum/OneDrive/Documentos/Santiago/Cosas/Tareas/Programacion Objetos1/pruebaJuego/assets/09. Shadows In The Flickering Light.mp3","timestamp":"2026-05-28T03:23:44.509Z"}
{"level":"info","message":"⌛ Building environment","timeElapsed":155,"timestamp":"2026-05-28T03:23:47.528Z"}
{"level":"info","message":"Removing diagnostics from /C:/Users/zagum/OneDrive/Documentos/Santiago/Cosas/Tareas/Programacion Objetos1/pruebaJuego/assets/10. Notes Of Radiance.mp3","timestamp":"2026-05-28T03:23:47.633Z"}
{"level":"info","message":"⌛ Building environment","timeElapsed":151,"timestamp":"2026-05-28T03:23:51.091Z"}
{"level":"info","message":"Removing diagnostics from /C:/Users/zagum/OneDrive/Documentos/Santiago/Cosas/Tareas/Programacion Objetos1/pruebaJuego/assets/11. Towards Loyalty.mp3","timestamp":"2026-05-28T03:23:51.206Z"}
{"level":"info","message":"⌛ Building environment","timeElapsed":165,"timestamp":"2026-05-28T03:23:54.592Z"}
{"level":"info","message":"Removing diagnostics from /C:/Users/zagum/OneDrive/Documentos/Santiago/Cosas/Tareas/Programacion Objetos1/pruebaJuego/assets/12. The Castle Trembles Ahead.mp3","timestamp":"2026-05-28T03:23:54.700Z"}
{"level":"info","message":"⌛ Building environment","timeElapsed":143,"timestamp":"2026-05-28T03:23:58.908Z"}
{"level":"info","message":"Removing diagnostics from /C:/Users/zagum/OneDrive/Documentos/Santiago/Cosas/Tareas/Programacion Objetos1/pruebaJuego/assets/13. Sealed Fate.mp3","timestamp":"2026-05-28T03:23:59.008Z"}
{"level":"info","message":"⌛ Building environment","timeElapsed":154,"timestamp":"2026-05-28T03:24:03.310Z"}
{"level":"info","message":"Removing diagnostics from /C:/Users/zagum/OneDrive/Documentos/Santiago/Cosas/Tareas/Programacion Objetos1/pruebaJuego/assets/14. The Kingdom Awaits Above.mp3","timestamp":"2026-05-28T03:24:03.412Z"}
{"level":"error","message":"✘ Completions for node Variable ([14:3, 14:37] - juego.wpgm) failed: Error: f [Variable]{894db3} at juego.wpgm:14 exhausted all cases without a match f [Variable]{894db3} at juego.wpgm:14 exhausted all cases without a match","stack":"Error: f [Variable]{894db3} at juego.wpgm:14 exhausted all cases without a match\n    at c:\\Users\\zagum\\.vscode\\extensions\\uqbar.wollok-lsp-ide-0.5.4\\out\\server\\src\\server.js:38:6142\n    at L2 (c:\\Users\\zagum\\.vscode\\extensions\\uqbar.wollok-lsp-ide-0.5.4\\out\\server\\src\\server.js:2389:42)\n    at c:\\Users\\zagum\\.vscode\\extensions\\uqbar.wollok-lsp-ide-0.5.4\\out\\server\\src\\server.js:2389:2988\n    at c:\\Users\\zagum\\.vscode\\extensions\\uqbar.wollok-lsp-ide-0.5.4\\out\\server\\src\\server.js:2398:8440\n    at c:\\Users\\zagum\\.vscode\\extensions\\uqbar.wollok-lsp-ide-0.5.4\\out\\server\\src\\server.js:37:74872\n    at Ke (c:\\Users\\zagum\\.vscode\\extensions\\uqbar.wollok-lsp-ide-0.5.4\\out\\server\\src\\server.js:7:8527)\n    at Lt (c:\\Users\\zagum\\.vscode\\extensions\\uqbar.wollok-lsp-ide-0.5.4\\out\\server\\src\\server.js:7:6189)\n    at ct (c:\\Users\\zagum\\.vscode\\extensions\\uqbar.wollok-lsp-ide-0.5.4\\out\\server\\src\\server.js:7:6378)\n    at Immediate._onImmediate (c:\\Users\\zagum\\.vscode\\extensions\\uqbar.wollok-lsp-ide-0.5.4\\out\\server\\src\\server.js:7:6142)\n    at process.processImmediate (node:internal/timers:484:21)","timestamp":"2026-05-28T03:24:31.929Z"}
{"level":"error","message":"✘ Completions for node Variable ([14:3, 14:39] - juego.wpgm) failed: Error: fon [Variable]{50481d} at juego.wpgm:14 exhausted all cases without a match fon [Variable]{50481d} at juego.wpgm:14 exhausted all cases without a match","stack":"Error: fon [Variable]{50481d} at juego.wpgm:14 exhausted all cases without a match\n    at c:\\Users\\zagum\\.vscode\\extensions\\uqbar.wollok-lsp-ide-0.5.4\\out\\server\\src\\server.js:38:6142\n    at L2 (c:\\Users\\zagum\\.vscode\\extensions\\uqbar.wollok-lsp-ide-0.5.4\\out\\server\\src\\server.js:2389:42)\n    at c:\\Users\\zagum\\.vscode\\extensions\\uqbar.wollok-lsp-ide-0.5.4\\out\\server\\src\\server.js:2389:2988\n    at c:\\Users\\zagum\\.vscode\\extensions\\uqbar.wollok-lsp-ide-0.5.4\\out\\server\\src\\server.js:2398:8440\n    at c:\\Users\\zagum\\.vscode\\extensions\\uqbar.wollok-lsp-ide-0.5.4\\out\\server\\src\\server.js:37:74872\n    at Ke (c:\\Users\\zagum\\.vscode\\extensions\\uqbar.wollok-lsp-ide-0.5.4\\out\\server\\src\\server.js:7:8527)\n    at Lt (c:\\Users\\zagum\\.vscode\\extensions\\uqbar.wollok-lsp-ide-0.5.4\\out\\server\\src\\server.js:7:6189)\n    at ct (c:\\Users\\zagum\\.vscode\\extensions\\uqbar.wollok-lsp-ide-0.5.4\\out\\server\\src\\server.js:7:6378)\n    at Immediate._onImmediate (c:\\Users\\zagum\\.vscode\\extensions\\uqbar.wollok-lsp-ide-0.5.4\\out\\server\\src\\server.js:7:6142)\n    at process.processImmediate (node:internal/timers:484:21)","timestamp":"2026-05-28T03:24:32.188Z"}
{"level":"error","message":"✘ Completions for node Variable ([14:3, 14:41] - juego.wpgm) failed: Error: fondo [Variable]{3bf83d} at juego.wpgm:14 exhausted all cases without a match fondo [Variable]{3bf83d} at juego.wpgm:14 exhausted all cases without a match","stack":"Error: fondo [Variable]{3bf83d} at juego.wpgm:14 exhausted all cases without a match\n    at c:\\Users\\zagum\\.vscode\\extensions\\uqbar.wollok-lsp-ide-0.5.4\\out\\server\\src\\server.js:38:6142\n    at L2 (c:\\Users\\zagum\\.vscode\\extensions\\uqbar.wollok-lsp-ide-0.5.4\\out\\server\\src\\server.js:2389:42)\n    at c:\\Users\\zagum\\.vscode\\extensions\\uqbar.wollok-lsp-ide-0.5.4\\out\\server\\src\\server.js:2389:2988\n    at c:\\Users\\zagum\\.vscode\\extensions\\uqbar.wollok-lsp-ide-0.5.4\\out\\server\\src\\server.js:2398:8440\n    at c:\\Users\\zagum\\.vscode\\extensions\\uqbar.wollok-lsp-ide-0.5.4\\out\\server\\src\\server.js:37:74872\n    at Ke (c:\\Users\\zagum\\.vscode\\extensions\\uqbar.wollok-lsp-ide-0.5.4\\out\\server\\src\\server.js:7:8527)\n    at Lt (c:\\Users\\zagum\\.vscode\\extensions\\uqbar.wollok-lsp-ide-0.5.4\\out\\server\\src\\server.js:7:6189)\n    at ct (c:\\Users\\zagum\\.vscode\\extensions\\uqbar.wollok-lsp-ide-0.5.4\\out\\server\\src\\server.js:7:6378)\n    at Immediate._onImmediate (c:\\Users\\zagum\\.vscode\\extensions\\uqbar.wollok-lsp-ide-0.5.4\\out\\server\\src\\server.js:7:6142)\n    at process.processImmediate (node:internal/timers:484:21)","timestamp":"2026-05-28T03:24:32.398Z"}
{"level":"error","message":"✘ Completions for node Variable ([14:3, 14:42] - juego.wpgm) failed: Error: fondoM [Variable]{d483ca} at juego.wpgm:14 exhausted all cases without a match fondoM [Variable]{d483ca} at juego.wpgm:14 exhausted all cases without a match","stack":"Error: fondoM [Variable]{d483ca} at juego.wpgm:14 exhausted all cases without a match\n    at c:\\Users\\zagum\\.vscode\\extensions\\uqbar.wollok-lsp-ide-0.5.4\\out\\server\\src\\server.js:38:6142\n    at L2 (c:\\Users\\zagum\\.vscode\\extensions\\uqbar.wollok-lsp-ide-0.5.4\\out\\server\\src\\server.js:2389:42)\n    at c:\\Users\\zagum\\.vscode\\extensions\\uqbar.wollok-lsp-ide-0.5.4\\out\\server\\src\\server.js:2389:2988\n    at c:\\Users\\zagum\\.vscode\\extensions\\uqbar.wollok-lsp-ide-0.5.4\\out\\server\\src\\server.js:2398:8440\n    at c:\\Users\\zagum\\.vscode\\extensions\\uqbar.wollok-lsp-ide-0.5.4\\out\\server\\src\\server.js:37:74872\n    at Ke (c:\\Users\\zagum\\.vscode\\extensions\\uqbar.wollok-lsp-ide-0.5.4\\out\\server\\src\\server.js:7:8527)\n    at Lt (c:\\Users\\zagum\\.vscode\\extensions\\uqbar.wollok-lsp-ide-0.5.4\\out\\server\\src\\server.js:7:6189)\n    at ct (c:\\Users\\zagum\\.vscode\\extensions\\uqbar.wollok-lsp-ide-0.5.4\\out\\server\\src\\server.js:7:6378)\n    at Immediate._onImmediate (c:\\Users\\zagum\\.vscode\\extensions\\uqbar.wollok-lsp-ide-0.5.4\\out\\server\\src\\server.js:7:6142)\n    at process.processImmediate (node:internal/timers:484:21)","timestamp":"2026-05-28T03:24:32.961Z"}
{"level":"error","message":"✘ Completions for node Variable ([14:3, 14:43] - juego.wpgm) failed: Error: fondoMu [Variable]{6ca54d} at juego.wpgm:14 exhausted all cases without a match fondoMu [Variable]{6ca54d} at juego.wpgm:14 exhausted all cases without a match","stack":"Error: fondoMu [Variable]{6ca54d} at juego.wpgm:14 exhausted all cases without a match\n    at c:\\Users\\zagum\\.vscode\\extensions\\uqbar.wollok-lsp-ide-0.5.4\\out\\server\\src\\server.js:38:6142\n    at L2 (c:\\Users\\zagum\\.vscode\\extensions\\uqbar.wollok-lsp-ide-0.5.4\\out\\server\\src\\server.js:2389:42)\n    at c:\\Users\\zagum\\.vscode\\extensions\\uqbar.wollok-lsp-ide-0.5.4\\out\\server\\src\\server.js:2389:2988\n    at c:\\Users\\zagum\\.vscode\\extensions\\uqbar.wollok-lsp-ide-0.5.4\\out\\server\\src\\server.js:2398:8440\n    at c:\\Users\\zagum\\.vscode\\extensions\\uqbar.wollok-lsp-ide-0.5.4\\out\\server\\src\\server.js:37:74872\n    at Ke (c:\\Users\\zagum\\.vscode\\extensions\\uqbar.wollok-lsp-ide-0.5.4\\out\\server\\src\\server.js:7:8527)\n    at Lt (c:\\Users\\zagum\\.vscode\\extensions\\uqbar.wollok-lsp-ide-0.5.4\\out\\server\\src\\server.js:7:6189)\n    at ct (c:\\Users\\zagum\\.vscode\\extensions\\uqbar.wollok-lsp-ide-0.5.4\\out\\server\\src\\server.js:7:6378)\n    at Immediate._onImmediate (c:\\Users\\zagum\\.vscode\\extensions\\uqbar.wollok-lsp-ide-0.5.4\\out\\server\\src\\server.js:7:6142)\n    at process.processImmediate (node:internal/timers:484:21)","timestamp":"2026-05-28T03:24:33.100Z"}
{"level":"error","message":"✘ Completions for node Variable ([14:3, 14:44] - juego.wpgm) failed: Error: fondoMus [Variable]{f70db8} at juego.wpgm:14 exhausted all cases without a match fondoMus [Variable]{f70db8} at juego.wpgm:14 exhausted all cases without a match","stack":"Error: fondoMus [Variable]{f70db8} at juego.wpgm:14 exhausted all cases without a match\n    at c:\\Users\\zagum\\.vscode\\extensions\\uqbar.wollok-lsp-ide-0.5.4\\out\\server\\src\\server.js:38:6142\n    at L2 (c:\\Users\\zagum\\.vscode\\extensions\\uqbar.wollok-lsp-ide-0.5.4\\out\\server\\src\\server.js:2389:42)\n    at c:\\Users\\zagum\\.vscode\\extensions\\uqbar.wollok-lsp-ide-0.5.4\\out\\server\\src\\server.js:2389:2988\n    at c:\\Users\\zagum\\.vscode\\extensions\\uqbar.wollok-lsp-ide-0.5.4\\out\\server\\src\\server.js:2398:8440\n    at c:\\Users\\zagum\\.vscode\\extensions\\uqbar.wollok-lsp-ide-0.5.4\\out\\server\\src\\server.js:37:74872\n    at Ke (c:\\Users\\zagum\\.vscode\\extensions\\uqbar.wollok-lsp-ide-0.5.4\\out\\server\\src\\server.js:7:8527)\n    at Lt (c:\\Users\\zagum\\.vscode\\extensions\\uqbar.wollok-lsp-ide-0.5.4\\out\\server\\src\\server.js:7:6189)\n    at ct (c:\\Users\\zagum\\.vscode\\extensions\\uqbar.wollok-lsp-ide-0.5.4\\out\\server\\src\\server.js:7:6378)\n    at Immediate._onImmediate (c:\\Users\\zagum\\.vscode\\extensions\\uqbar.wollok-lsp-ide-0.5.4\\out\\server\\src\\server.js:7:6142)\n    at process.processImmediate (node:internal/timers:484:21)","timestamp":"2026-05-28T03:24:33.255Z"}
{"level":"error","message":"✘ Completions for node Variable ([14:3, 14:46] - juego.wpgm) failed: Error: fondoMusic [Variable]{0f6863} at juego.wpgm:14 exhausted all cases without a match fondoMusic [Variable]{0f6863} at juego.wpgm:14 exhausted all cases without a match","stack":"Error: fondoMusic [Variable]{0f6863} at juego.wpgm:14 exhausted all cases without a match\n    at c:\\Users\\zagum\\.vscode\\extensions\\uqbar.wollok-lsp-ide-0.5.4\\out\\server\\src\\server.js:38:6142\n    at L2 (c:\\Users\\zagum\\.vscode\\extensions\\uqbar.wollok-lsp-ide-0.5.4\\out\\server\\src\\server.js:2389:42)\n    at c:\\Users\\zagum\\.vscode\\extensions\\uqbar.wollok-lsp-ide-0.5.4\\out\\server\\src\\server.js:2389:2988\n    at c:\\Users\\zagum\\.vscode\\extensions\\uqbar.wollok-lsp-ide-0.5.4\\out\\server\\src\\server.js:2398:8440\n    at c:\\Users\\zagum\\.vscode\\extensions\\uqbar.wollok-lsp-ide-0.5.4\\out\\server\\src\\server.js:37:74872\n    at Ke (c:\\Users\\zagum\\.vscode\\extensions\\uqbar.wollok-lsp-ide-0.5.4\\out\\server\\src\\server.js:7:8527)\n    at Lt (c:\\Users\\zagum\\.vscode\\extensions\\uqbar.wollok-lsp-ide-0.5.4\\out\\server\\src\\server.js:7:6189)\n    at ct (c:\\Users\\zagum\\.vscode\\extensions\\uqbar.wollok-lsp-ide-0.5.4\\out\\server\\src\\server.js:7:6378)\n    at Immediate._onImmediate (c:\\Users\\zagum\\.vscode\\extensions\\uqbar.wollok-lsp-ide-0.5.4\\out\\server\\src\\server.js:7:6142)\n    at process.processImmediate (node:internal/timers:484:21)","timestamp":"2026-05-28T03:24:33.567Z"}
{"level":"info","message":"⌛ Building environment","timeElapsed":109,"timestamp":"2026-05-28T03:24:38.910Z"}
{"level":"error","message":"✘ Completions for node Send ([15:3, 15:21] - juego.wpgm) failed: Error: [Send]{f929f7} at juego.wpgm:15 exhausted all cases without a match [Send]{f929f7} at juego.wpgm:15 exhausted all cases without a match","stack":"Error: [Send]{f929f7} at juego.wpgm:15 exhausted all cases without a match\n    at c:\\Users\\zagum\\.vscode\\extensions\\uqbar.wollok-lsp-ide-0.5.4\\out\\server\\src\\server.js:38:6142\n    at L2 (c:\\Users\\zagum\\.vscode\\extensions\\uqbar.wollok-lsp-ide-0.5.4\\out\\server\\src\\server.js:2389:42)\n    at Jh (c:\\Users\\zagum\\.vscode\\extensions\\uqbar.wollok-lsp-ide-0.5.4\\out\\server\\src\\server.js:2389:1092)\n    at M5n (c:\\Users\\zagum\\.vscode\\extensions\\uqbar.wollok-lsp-ide-0.5.4\\out\\server\\src\\server.js:2389:1248)\n    at c:\\Users\\zagum\\.vscode\\extensions\\uqbar.wollok-lsp-ide-0.5.4\\out\\server\\src\\server.js:38:6131\n    at L2 (c:\\Users\\zagum\\.vscode\\extensions\\uqbar.wollok-lsp-ide-0.5.4\\out\\server\\src\\server.js:2389:42)\n    at c:\\Users\\zagum\\.vscode\\extensions\\uqbar.wollok-lsp-ide-0.5.4\\out\\server\\src\\server.js:2389:2988\n    at c:\\Users\\zagum\\.vscode\\extensions\\uqbar.wollok-lsp-ide-0.5.4\\out\\server\\src\\server.js:2398:8440\n    at c:\\Users\\zagum\\.vscode\\extensions\\uqbar.wollok-lsp-ide-0.5.4\\out\\server\\src\\server.js:37:74872\n    at Ke (c:\\Users\\zagum\\.vscode\\extensions\\uqbar.wollok-lsp-ide-0.5.4\\out\\server\\src\\server.js:7:8527)","timestamp":"2026-05-28T03:25:42.280Z"}
{"level":"info","message":"⌛ Building environment","timeElapsed":105,"timestamp":"2026-05-28T03:25:42.452Z"}
{"level":"error","message":"✘ Completions for node Send ([16:24, 16:32] - juego.wpgm) failed: Error: [Send]{03280d} at juego.wpgm:16 exhausted all cases without a match [Send]{03280d} at juego.wpgm:16 exhausted all cases without a match","stack":"Error: [Send]{03280d} at juego.wpgm:16 exhausted all cases without a match\n    at c:\\Users\\zagum\\.vscode\\extensions\\uqbar.wollok-lsp-ide-0.5.4\\out\\server\\src\\server.js:38:6142\n    at L2 (c:\\Users\\zagum\\.vscode\\extensions\\uqbar.wollok-lsp-ide-0.5.4\\out\\server\\src\\server.js:2389:42)\n    at Jh (c:\\Users\\zagum\\.vscode\\extensions\\uqbar.wollok-lsp-ide-0.5.4\\out\\server\\src\\server.js:2389:1092)\n    at M5n (c:\\Users\\zagum\\.vscode\\extensions\\uqbar.wollok-lsp-ide-0.5.4\\out\\server\\src\\server.js:2389:1248)\n    at c:\\Users\\zagum\\.vscode\\extensions\\uqbar.wollok-lsp-ide-0.5.4\\out\\server\\src\\server.js:38:6131\n    at L2 (c:\\Users\\zagum\\.vscode\\extensions\\uqbar.wollok-lsp-ide-0.5.4\\out\\server\\src\\server.js:2389:42)\n    at c:\\Users\\zagum\\.vscode\\extensions\\uqbar.wollok-lsp-ide-0.5.4\\out\\server\\src\\server.js:2389:2988\n    at c:\\Users\\zagum\\.vscode\\extensions\\uqbar.wollok-lsp-ide-0.5.4\\out\\server\\src\\server.js:2398:8440\n    at c:\\Users\\zagum\\.vscode\\extensions\\uqbar.wollok-lsp-ide-0.5.4\\out\\server\\src\\server.js:37:74872\n    at Ke (c:\\Users\\zagum\\.vscode\\extensions\\uqbar.wollok-lsp-ide-0.5.4\\out\\server\\src\\server.js:7:8527)","timestamp":"2026-05-28T03:25:46.260Z"}
{"level":"error","message":"✘ Completions for node Return (undefined - juego.wpgm) failed: Error: [Return]{5359eb} at juego.wpgm:-- exhausted all cases without a match [Return]{5359eb} at juego.wpgm:-- exhausted all cases without a match","stack":"Error: [Return]{5359eb} at juego.wpgm:-- exhausted all cases without a match\n    at c:\\Users\\zagum\\.vscode\\extensions\\uqbar.wollok-lsp-ide-0.5.4\\out\\server\\src\\server.js:38:6142\n    at L2 (c:\\Users\\zagum\\.vscode\\extensions\\uqbar.wollok-lsp-ide-0.5.4\\out\\server\\src\\server.js:2389:42)\n    at Jh (c:\\Users\\zagum\\.vscode\\extensions\\uqbar.wollok-lsp-ide-0.5.4\\out\\server\\src\\server.js:2389:1092)\n    at L2 (c:\\Users\\zagum\\.vscode\\extensions\\uqbar.wollok-lsp-ide-0.5.4\\out\\server\\src\\server.js:2389:544)\n    at Jh (c:\\Users\\zagum\\.vscode\\extensions\\uqbar.wollok-lsp-ide-0.5.4\\out\\server\\src\\server.js:2389:1092)\n    at M5n (c:\\Users\\zagum\\.vscode\\extensions\\uqbar.wollok-lsp-ide-0.5.4\\out\\server\\src\\server.js:2389:1248)\n    at c:\\Users\\zagum\\.vscode\\extensions\\uqbar.wollok-lsp-ide-0.5.4\\out\\server\\src\\server.js:38:6131\n    at L2 (c:\\Users\\zagum\\.vscode\\extensions\\uqbar.wollok-lsp-ide-0.5.4\\out\\server\\src\\server.js:2389:42)\n    at c:\\Users\\zagum\\.vscode\\extensions\\uqbar.wollok-lsp-ide-0.5.4\\out\\server\\src\\server.js:2389:2988\n    at c:\\Users\\zagum\\.vscode\\extensions\\uqbar.wollok-lsp-ide-0.5.4\\out\\server\\src\\server.js:2398:8440","timestamp":"2026-05-28T03:25:46.260Z"}
{"level":"error","message":"✘ Completions for node Send ([16:24, 16:37] - juego.wpgm) failed: Error: [Send]{cf7174} at juego.wpgm:16 exhausted all cases without a match [Send]{cf7174} at juego.wpgm:16 exhausted all cases without a match","stack":"Error: [Send]{cf7174} at juego.wpgm:16 exhausted all cases without a match\n    at c:\\Users\\zagum\\.vscode\\extensions\\uqbar.wollok-lsp-ide-0.5.4\\out\\server\\src\\server.js:38:6142\n    at L2 (c:\\Users\\zagum\\.vscode\\extensions\\uqbar.wollok-lsp-ide-0.5.4\\out\\server\\src\\server.js:2389:42)\n    at Jh (c:\\Users\\zagum\\.vscode\\extensions\\uqbar.wollok-lsp-ide-0.5.4\\out\\server\\src\\server.js:2389:1092)\n    at M5n (c:\\Users\\zagum\\.vscode\\extensions\\uqbar.wollok-lsp-ide-0.5.4\\out\\server\\src\\server.js:2389:1248)\n    at c:\\Users\\zagum\\.vscode\\extensions\\uqbar.wollok-lsp-ide-0.5.4\\out\\server\\src\\server.js:38:6131\n    at L2 (c:\\Users\\zagum\\.vscode\\extensions\\uqbar.wollok-lsp-ide-0.5.4\\out\\server\\src\\server.js:2389:42)\n    at c:\\Users\\zagum\\.vscode\\extensions\\uqbar.wollok-lsp-ide-0.5.4\\out\\server\\src\\server.js:2389:2988\n    at c:\\Users\\zagum\\.vscode\\extensions\\uqbar.wollok-lsp-ide-0.5.4\\out\\server\\src\\server.js:2398:8440\n    at c:\\Users\\zagum\\.vscode\\extensions\\uqbar.wollok-lsp-ide-0.5.4\\out\\server\\src\\server.js:37:74872\n    at Ke (c:\\Users\\zagum\\.vscode\\extensions\\uqbar.wollok-lsp-ide-0.5.4\\out\\server\\src\\server.js:7:8527)","timestamp":"2026-05-28T03:25:47.042Z"}
{"level":"error","message":"✘ Completions for node Return (undefined - juego.wpgm) failed: Error: [Return]{8be97e} at juego.wpgm:-- exhausted all cases without a match [Return]{8be97e} at juego.wpgm:-- exhausted all cases without a match","stack":"Error: [Return]{8be97e} at juego.wpgm:-- exhausted all cases without a match\n    at c:\\Users\\zagum\\.vscode\\extensions\\uqbar.wollok-lsp-ide-0.5.4\\out\\server\\src\\server.js:38:6142\n    at L2 (c:\\Users\\zagum\\.vscode\\extensions\\uqbar.wollok-lsp-ide-0.5.4\\out\\server\\src\\server.js:2389:42)\n    at Jh (c:\\Users\\zagum\\.vscode\\extensions\\uqbar.wollok-lsp-ide-0.5.4\\out\\server\\src\\server.js:2389:1092)\n    at L2 (c:\\Users\\zagum\\.vscode\\extensions\\uqbar.wollok-lsp-ide-0.5.4\\out\\server\\src\\server.js:2389:544)\n    at Jh (c:\\Users\\zagum\\.vscode\\extensions\\uqbar.wollok-lsp-ide-0.5.4\\out\\server\\src\\server.js:2389:1092)\n    at M5n (c:\\Users\\zagum\\.vscode\\extensions\\uqbar.wollok-lsp-ide-0.5.4\\out\\server\\src\\server.js:2389:1248)\n    at c:\\Users\\zagum\\.vscode\\extensions\\uqbar.wollok-lsp-ide-0.5.4\\out\\server\\src\\server.js:38:6131\n    at L2 (c:\\Users\\zagum\\.vscode\\extensions\\uqbar.wollok-lsp-ide-0.5.4\\out\\server\\src\\server.js:2389:42)\n    at c:\\Users\\zagum\\.vscode\\extensions\\uqbar.wollok-lsp-ide-0.5.4\\out\\server\\src\\server.js:2389:2988\n    at c:\\Users\\zagum\\.vscode\\extensions\\uqbar.wollok-lsp-ide-0.5.4\\out\\server\\src\\server.js:2398:8440","timestamp":"2026-05-28T03:25:47.043Z"}
{"level":"error","message":"✘ Completions for node Send ([16:24, 16:38] - juego.wpgm) failed: Error: [Send]{72dd50} at juego.wpgm:16 exhausted all cases without a match [Send]{72dd50} at juego.wpgm:16 exhausted all cases without a match","stack":"Error: [Send]{72dd50} at juego.wpgm:16 exhausted all cases without a match\n    at c:\\Users\\zagum\\.vscode\\extensions\\uqbar.wollok-lsp-ide-0.5.4\\out\\server\\src\\server.js:38:6142\n    at L2 (c:\\Users\\zagum\\.vscode\\extensions\\uqbar.wollok-lsp-ide-0.5.4\\out\\server\\src\\server.js:2389:42)\n    at Jh (c:\\Users\\zagum\\.vscode\\extensions\\uqbar.wollok-lsp-ide-0.5.4\\out\\server\\src\\server.js:2389:1092)\n    at M5n (c:\\Users\\zagum\\.vscode\\extensions\\uqbar.wollok-lsp-ide-0.5.4\\out\\server\\src\\server.js:2389:1248)\n    at c:\\Users\\zagum\\.vscode\\extensions\\uqbar.wollok-lsp-ide-0.5.4\\out\\server\\src\\server.js:38:6131\n    at L2 (c:\\Users\\zagum\\.vscode\\extensions\\uqbar.wollok-lsp-ide-0.5.4\\out\\server\\src\\server.js:2389:42)\n    at c:\\Users\\zagum\\.vscode\\extensions\\uqbar.wollok-lsp-ide-0.5.4\\out\\server\\src\\server.js:2389:2988\n    at c:\\Users\\zagum\\.vscode\\extensions\\uqbar.wollok-lsp-ide-0.5.4\\out\\server\\src\\server.js:2398:8440\n    at c:\\Users\\zagum\\.vscode\\extensions\\uqbar.wollok-lsp-ide-0.5.4\\out\\server\\src\\server.js:37:74872\n    at Ke (c:\\Users\\zagum\\.vscode\\extensions\\uqbar.wollok-lsp-ide-0.5.4\\out\\server\\src\\server.js:7:8527)","timestamp":"2026-05-28T03:25:47.177Z"}
{"level":"error","message":"✘ Completions for node Return (undefined - juego.wpgm) failed: Error: [Return]{5befeb} at juego.wpgm:-- exhausted all cases without a match [Return]{5befeb} at juego.wpgm:-- exhausted all cases without a match","stack":"Error: [Return]{5befeb} at juego.wpgm:-- exhausted all cases without a match\n    at c:\\Users\\zagum\\.vscode\\extensions\\uqbar.wollok-lsp-ide-0.5.4\\out\\server\\src\\server.js:38:6142\n    at L2 (c:\\Users\\zagum\\.vscode\\extensions\\uqbar.wollok-lsp-ide-0.5.4\\out\\server\\src\\server.js:2389:42)\n    at Jh (c:\\Users\\zagum\\.vscode\\extensions\\uqbar.wollok-lsp-ide-0.5.4\\out\\server\\src\\server.js:2389:1092)\n    at L2 (c:\\Users\\zagum\\.vscode\\extensions\\uqbar.wollok-lsp-ide-0.5.4\\out\\server\\src\\server.js:2389:544)\n    at Jh (c:\\Users\\zagum\\.vscode\\extensions\\uqbar.wollok-lsp-ide-0.5.4\\out\\server\\src\\server.js:2389:1092)\n    at M5n (c:\\Users\\zagum\\.vscode\\extensions\\uqbar.wollok-lsp-ide-0.5.4\\out\\server\\src\\server.js:2389:1248)\n    at c:\\Users\\zagum\\.vscode\\extensions\\uqbar.wollok-lsp-ide-0.5.4\\out\\server\\src\\server.js:38:6131\n    at L2 (c:\\Users\\zagum\\.vscode\\extensions\\uqbar.wollok-lsp-ide-0.5.4\\out\\server\\src\\server.js:2389:42)\n    at c:\\Users\\zagum\\.vscode\\extensions\\uqbar.wollok-lsp-ide-0.5.4\\out\\server\\src\\server.js:2389:2988\n    at c:\\Users\\zagum\\.vscode\\extensions\\uqbar.wollok-lsp-ide-0.5.4\\out\\server\\src\\server.js:2398:8440","timestamp":"2026-05-28T03:25:47.177Z"}
{"level":"error","message":"✘ Completions for node Send ([16:24, 16:39] - juego.wpgm) failed: Error: [Send]{cbe876} at juego.wpgm:16 exhausted all cases without a match [Send]{cbe876} at juego.wpgm:16 exhausted all cases without a match","stack":"Error: [Send]{cbe876} at juego.wpgm:16 exhausted all cases without a match\n    at c:\\Users\\zagum\\.vscode\\extensions\\uqbar.wollok-lsp-ide-0.5.4\\out\\server\\src\\server.js:38:6142\n    at L2 (c:\\Users\\zagum\\.vscode\\extensions\\uqbar.wollok-lsp-ide-0.5.4\\out\\server\\src\\server.js:2389:42)\n    at Jh (c:\\Users\\zagum\\.vscode\\extensions\\uqbar.wollok-lsp-ide-0.5.4\\out\\server\\src\\server.js:2389:1092)\n    at M5n (c:\\Users\\zagum\\.vscode\\extensions\\uqbar.wollok-lsp-ide-0.5.4\\out\\server\\src\\server.js:2389:1248)\n    at c:\\Users\\zagum\\.vscode\\extensions\\uqbar.wollok-lsp-ide-0.5.4\\out\\server\\src\\server.js:38:6131\n    at L2 (c:\\Users\\zagum\\.vscode\\extensions\\uqbar.wollok-lsp-ide-0.5.4\\out\\server\\src\\server.js:2389:42)\n    at c:\\Users\\zagum\\.vscode\\extensions\\uqbar.wollok-lsp-ide-0.5.4\\out\\server\\src\\server.js:2389:2988\n    at c:\\Users\\zagum\\.vscode\\extensions\\uqbar.wollok-lsp-ide-0.5.4\\out\\server\\src\\server.js:2398:8440\n    at c:\\Users\\zagum\\.vscode\\extensions\\uqbar.wollok-lsp-ide-0.5.4\\out\\server\\src\\server.js:37:74872\n    at Ke (c:\\Users\\zagum\\.vscode\\extensions\\uqbar.wollok-lsp-ide-0.5.4\\out\\server\\src\\server.js:7:8527)","timestamp":"2026-05-28T03:25:47.322Z"}
{"level":"error","message":"✘ Completions for node Return (undefined - juego.wpgm) failed: Error: [Return]{396eb2} at juego.wpgm:-- exhausted all cases without a match [Return]{396eb2} at juego.wpgm:-- exhausted all cases without a match","stack":"Error: [Return]{396eb2} at juego.wpgm:-- exhausted all cases without a match\n    at c:\\Users\\zagum\\.vscode\\extensions\\uqbar.wollok-lsp-ide-0.5.4\\out\\server\\src\\server.js:38:6142\n    at L2 (c:\\Users\\zagum\\.vscode\\extensions\\uqbar.wollok-lsp-ide-0.5.4\\out\\server\\src\\server.js:2389:42)\n    at Jh (c:\\Users\\zagum\\.vscode\\extensions\\uqbar.wollok-lsp-ide-0.5.4\\out\\server\\src\\server.js:2389:1092)\n    at L2 (c:\\Users\\zagum\\.vscode\\extensions\\uqbar.wollok-lsp-ide-0.5.4\\out\\server\\src\\server.js:2389:544)\n    at Jh (c:\\Users\\zagum\\.vscode\\extensions\\uqbar.wollok-lsp-ide-0.5.4\\out\\server\\src\\server.js:2389:1092)\n    at M5n (c:\\Users\\zagum\\.vscode\\extensions\\uqbar.wollok-lsp-ide-0.5.4\\out\\server\\src\\server.js:2389:1248)\n    at c:\\Users\\zagum\\.vscode\\extensions\\uqbar.wollok-lsp-ide-0.5.4\\out\\server\\src\\server.js:38:6131\n    at L2 (c:\\Users\\zagum\\.vscode\\extensions\\uqbar.wollok-lsp-ide-0.5.4\\out\\server\\src\\server.js:2389:42)\n    at c:\\Users\\zagum\\.vscode\\extensions\\uqbar.wollok-lsp-ide-0.5.4\\out\\server\\src\\server.js:2389:2988\n    at c:\\Users\\zagum\\.vscode\\extensions\\uqbar.wollok-lsp-ide-0.5.4\\out\\server\\src\\server.js:2398:8440","timestamp":"2026-05-28T03:25:47.322Z"}
{"level":"error","message":"✘ Completions for node Send ([16:24, 16:41] - juego.wpgm) failed: Error: [Send]{26b26d} at juego.wpgm:16 exhausted all cases without a match [Send]{26b26d} at juego.wpgm:16 exhausted all cases without a match","stack":"Error: [Send]{26b26d} at juego.wpgm:16 exhausted all cases without a match\n    at c:\\Users\\zagum\\.vscode\\extensions\\uqbar.wollok-lsp-ide-0.5.4\\out\\server\\src\\server.js:38:6142\n    at L2 (c:\\Users\\zagum\\.vscode\\extensions\\uqbar.wollok-lsp-ide-0.5.4\\out\\server\\src\\server.js:2389:42)\n    at Jh (c:\\Users\\zagum\\.vscode\\extensions\\uqbar.wollok-lsp-ide-0.5.4\\out\\server\\src\\server.js:2389:1092)\n    at M5n (c:\\Users\\zagum\\.vscode\\extensions\\uqbar.wollok-lsp-ide-0.5.4\\out\\server\\src\\server.js:2389:1248)\n    at c:\\Users\\zagum\\.vscode\\extensions\\uqbar.wollok-lsp-ide-0.5.4\\out\\server\\src\\server.js:38:6131\n    at L2 (c:\\Users\\zagum\\.vscode\\extensions\\uqbar.wollok-lsp-ide-0.5.4\\out\\server\\src\\server.js:2389:42)\n    at c:\\Users\\zagum\\.vscode\\extensions\\uqbar.wollok-lsp-ide-0.5.4\\out\\server\\src\\server.js:2389:2988\n    at c:\\Users\\zagum\\.vscode\\extensions\\uqbar.wollok-lsp-ide-0.5.4\\out\\server\\src\\server.js:2398:8440\n    at c:\\Users\\zagum\\.vscode\\extensions\\uqbar.wollok-lsp-ide-0.5.4\\out\\server\\src\\server.js:37:74872\n    at Ke (c:\\Users\\zagum\\.vscode\\extensions\\uqbar.wollok-lsp-ide-0.5.4\\out\\server\\src\\server.js:7:8527)","timestamp":"2026-05-28T03:25:47.533Z"}
{"level":"error","message":"✘ Completions for node Return (undefined - juego.wpgm) failed: Error: [Return]{c7e99b} at juego.wpgm:-- exhausted all cases without a match [Return]{c7e99b} at juego.wpgm:-- exhausted all cases without a match","stack":"Error: [Return]{c7e99b} at juego.wpgm:-- exhausted all cases without a match\n    at c:\\Users\\zagum\\.vscode\\extensions\\uqbar.wollok-lsp-ide-0.5.4\\out\\server\\src\\server.js:38:6142\n    at L2 (c:\\Users\\zagum\\.vscode\\extensions\\uqbar.wollok-lsp-ide-0.5.4\\out\\server\\src\\server.js:2389:42)\n    at Jh (c:\\Users\\zagum\\.vscode\\extensions\\uqbar.wollok-lsp-ide-0.5.4\\out\\server\\src\\server.js:2389:1092)\n    at L2 (c:\\Users\\zagum\\.vscode\\extensions\\uqbar.wollok-lsp-ide-0.5.4\\out\\server\\src\\server.js:2389:544)\n    at Jh (c:\\Users\\zagum\\.vscode\\extensions\\uqbar.wollok-lsp-ide-0.5.4\\out\\server\\src\\server.js:2389:1092)\n    at M5n (c:\\Users\\zagum\\.vscode\\extensions\\uqbar.wollok-lsp-ide-0.5.4\\out\\server\\src\\server.js:2389:1248)\n    at c:\\Users\\zagum\\.vscode\\extensions\\uqbar.wollok-lsp-ide-0.5.4\\out\\server\\src\\server.js:38:6131\n    at L2 (c:\\Users\\zagum\\.vscode\\extensions\\uqbar.wollok-lsp-ide-0.5.4\\out\\server\\src\\server.js:2389:42)\n    at c:\\Users\\zagum\\.vscode\\extensions\\uqbar.wollok-lsp-ide-0.5.4\\out\\server\\src\\server.js:2389:2988\n    at c:\\Users\\zagum\\.vscode\\extensions\\uqbar.wollok-lsp-ide-0.5.4\\out\\server\\src\\server.js:2398:8440","timestamp":"2026-05-28T03:25:47.534Z"}
{"level":"error","message":"✘ Completions for node Send ([16:24, 16:41] - juego.wpgm) failed: Error: [Send]{70476b} at juego.wpgm:16 exhausted all cases without a match [Send]{70476b} at juego.wpgm:16 exhausted all cases without a match","stack":"Error: [Send]{70476b} at juego.wpgm:16 exhausted all cases without a match\n    at c:\\Users\\zagum\\.vscode\\extensions\\uqbar.wollok-lsp-ide-0.5.4\\out\\server\\src\\server.js:38:6142\n    at L2 (c:\\Users\\zagum\\.vscode\\extensions\\uqbar.wollok-lsp-ide-0.5.4\\out\\server\\src\\server.js:2389:42)\n    at Jh (c:\\Users\\zagum\\.vscode\\extensions\\uqbar.wollok-lsp-ide-0.5.4\\out\\server\\src\\server.js:2389:1092)\n    at M5n (c:\\Users\\zagum\\.vscode\\extensions\\uqbar.wollok-lsp-ide-0.5.4\\out\\server\\src\\server.js:2389:1248)\n    at c:\\Users\\zagum\\.vscode\\extensions\\uqbar.wollok-lsp-ide-0.5.4\\out\\server\\src\\server.js:38:6131\n    at L2 (c:\\Users\\zagum\\.vscode\\extensions\\uqbar.wollok-lsp-ide-0.5.4\\out\\server\\src\\server.js:2389:42)\n    at c:\\Users\\zagum\\.vscode\\extensions\\uqbar.wollok-lsp-ide-0.5.4\\out\\server\\src\\server.js:2389:2988\n    at c:\\Users\\zagum\\.vscode\\extensions\\uqbar.wollok-lsp-ide-0.5.4\\out\\server\\src\\server.js:2398:8440\n    at c:\\Users\\zagum\\.vscode\\extensions\\uqbar.wollok-lsp-ide-0.5.4\\out\\server\\src\\server.js:37:74872\n    at Ke (c:\\Users\\zagum\\.vscode\\extensions\\uqbar.wollok-lsp-ide-0.5.4\\out\\server\\src\\server.js:7:8527)","timestamp":"2026-05-28T03:25:52.732Z"}
{"level":"error","message":"✘ Completions for node Return (undefined - juego.wpgm) failed: Error: [Return]{f1e424} at juego.wpgm:-- exhausted all cases without a match [Return]{f1e424} at juego.wpgm:-- exhausted all cases without a match","stack":"Error: [Return]{f1e424} at juego.wpgm:-- exhausted all cases without a match\n    at c:\\Users\\zagum\\.vscode\\extensions\\uqbar.wollok-lsp-ide-0.5.4\\out\\server\\src\\server.js:38:6142\n    at L2 (c:\\Users\\zagum\\.vscode\\extensions\\uqbar.wollok-lsp-ide-0.5.4\\out\\server\\src\\server.js:2389:42)\n    at Jh (c:\\Users\\zagum\\.vscode\\extensions\\uqbar.wollok-lsp-ide-0.5.4\\out\\server\\src\\server.js:2389:1092)\n    at L2 (c:\\Users\\zagum\\.vscode\\extensions\\uqbar.wollok-lsp-ide-0.5.4\\out\\server\\src\\server.js:2389:544)\n    at Jh (c:\\Users\\zagum\\.vscode\\extensions\\uqbar.wollok-lsp-ide-0.5.4\\out\\server\\src\\server.js:2389:1092)\n    at M5n (c:\\Users\\zagum\\.vscode\\extensions\\uqbar.wollok-lsp-ide-0.5.4\\out\\server\\src\\server.js:2389:1248)\n    at c:\\Users\\zagum\\.vscode\\extensions\\uqbar.wollok-lsp-ide-0.5.4\\out\\server\\src\\server.js:38:6131\n    at L2 (c:\\Users\\zagum\\.vscode\\extensions\\uqbar.wollok-lsp-ide-0.5.4\\out\\server\\src\\server.js:2389:42)\n    at c:\\Users\\zagum\\.vscode\\extensions\\uqbar.wollok-lsp-ide-0.5.4\\out\\server\\src\\server.js:2389:2988\n    at c:\\Users\\zagum\\.vscode\\extensions\\uqbar.wollok-lsp-ide-0.5.4\\out\\server\\src\\server.js:2398:8440","timestamp":"2026-05-28T03:25:52.732Z"}
{"exitCode":"SIGHUP","level":"info","message":"👾 Game executed juego.rpg on c:\\Users\\zagum\\OneDrive\\Documentos\\Santiago\\Cosas\\Tareas\\Programacion Objetos1\\pruebaJuego","timeElapsed":524595,"timestamp":"2026-05-28T03:26:58.348Z"}
{"level":"info","message":"🚀 Program executed \u001b[3m\u001b[34mjuego.rpg\u001b[39m\u001b[23m on \u001b[3m\u001b[34mc:\\Users\\zagum\\OneDrive\\Documentos\\Santiago\\Cosas\\Tareas\\Programacion Objetos1\\pruebaJuego\u001b[39m\u001b[23m","ok":true,"timeElapsed":510,"timestamp":"2026-05-28T03:27:00.337Z"}
{"level":"info","message":"⌛ Building environment","timeElapsed":113,"timestamp":"2026-05-28T03:28:20.302Z"}
{"exitCode":"SIGHUP","level":"info","message":"👾 Game executed juego.rpg on c:\\Users\\zagum\\OneDrive\\Documentos\\Santiago\\Cosas\\Tareas\\Programacion Objetos1\\pruebaJuego","timeElapsed":88076,"timestamp":"2026-05-28T03:28:27.902Z"}
{"level":"info","message":"🚀 Program executed \u001b[3m\u001b[34mjuego.rpg\u001b[39m\u001b[23m on \u001b[3m\u001b[34mc:\\Users\\zagum\\OneDrive\\Documentos\\Santiago\\Cosas\\Tareas\\Programacion Objetos1\\pruebaJuego\u001b[39m\u001b[23m","ok":true,"timeElapsed":491,"timestamp":"2026-05-28T03:28:29.639Z"}
{"exitCode":"SIGHUP","level":"info","message":"👾 Game executed juego.rpg on c:\\Users\\zagum\\OneDrive\\Documentos\\Santiago\\Cosas\\Tareas\\Programacion Objetos1\\pruebaJuego","timeElapsed":18645,"timestamp":"2026-05-28T03:28:47.791Z"}
{"level":"info","message":"🚀 Program executed \u001b[3m\u001b[34mjuego.rpg\u001b[39m\u001b[23m on \u001b[3m\u001b[34mc:\\Users\\zagum\\OneDrive\\Documentos\\Santiago\\Cosas\\Tareas\\Programacion Objetos1\\pruebaJuego\u001b[39m\u001b[23m","ok":true,"timeElapsed":498,"timestamp":"2026-05-28T03:28:49.752Z"}
{"level":"info","message":"⌛ Building environment","timeElapsed":105,"timestamp":"2026-05-28T03:29:04.210Z"}
{"exitCode":"SIGHUP","level":"info","message":"👾 Game executed juego.rpg on c:\\Users\\zagum\\OneDrive\\Documentos\\Santiago\\Cosas\\Tareas\\Programacion Objetos1\\pruebaJuego","timeElapsed":17264,"timestamp":"2026-05-28T03:29:06.517Z"}
{"level":"info","message":"🚀 Program executed \u001b[3m\u001b[34mjuego.rpg\u001b[39m\u001b[23m on \u001b[3m\u001b[34mc:\\Users\\zagum\\OneDrive\\Documentos\\Santiago\\Cosas\\Tareas\\Programacion Objetos1\\pruebaJuego\u001b[39m\u001b[23m","ok":true,"timeElapsed":518,"timestamp":"2026-05-28T03:29:08.199Z"}
{"exitCode":"SIGHUP","level":"info","message":"👾 Game executed juego.rpg on c:\\Users\\zagum\\OneDrive\\Documentos\\Santiago\\Cosas\\Tareas\\Programacion Objetos1\\pruebaJuego","timeElapsed":858652,"timestamp":"2026-05-28T03:43:26.319Z"}
{"level":"info","message":"🚀 Program executed \u001b[3m\u001b[34mjuego.rpg\u001b[39m\u001b[23m on \u001b[3m\u001b[34mc:\\Users\\zagum\\OneDrive\\Documentos\\Santiago\\Cosas\\Tareas\\Programacion Objetos1\\pruebaJuego\u001b[39m\u001b[23m","ok":true,"timeElapsed":703,"timestamp":"2026-05-28T03:43:28.840Z"}
{"exitCode":"SIGHUP","level":"info","message":"👾 Game executed juego.rpg on c:\\Users\\zagum\\OneDrive\\Documentos\\Santiago\\Cosas\\Tareas\\Programacion Objetos1\\pruebaJuego","timeElapsed":378964,"timestamp":"2026-05-28T03:49:47.103Z"}
{"level":"info","message":"🚀 Program executed \u001b[3m\u001b[34mjuego.rpg\u001b[39m\u001b[23m on \u001b[3m\u001b[34mc:\\Users\\zagum\\OneDrive\\Documentos\\Santiago\\Cosas\\Tareas\\Programacion Objetos1\\pruebaJuego\u001b[39m\u001b[23m","ok":true,"timeElapsed":991,"timestamp":"2026-05-28T03:49:51.055Z"}
{"level":"info","message":"⌛ Building environment","timeElapsed":110,"timestamp":"2026-05-28T03:54:16.035Z"}
{"exitCode":"SIGHUP","level":"info","message":"👾 Game executed juego.rpg on c:\\Users\\zagum\\OneDrive\\Documentos\\Santiago\\Cosas\\Tareas\\Programacion Objetos1\\pruebaJuego","timeElapsed":274465,"timestamp":"2026-05-28T03:54:24.526Z"}
{"level":"info","message":"🚀 Program executed \u001b[3m\u001b[34mjuego.rpg\u001b[39m\u001b[23m on \u001b[3m\u001b[34mc:\\Users\\zagum\\OneDrive\\Documentos\\Santiago\\Cosas\\Tareas\\Programacion Objetos1\\pruebaJuego\u001b[39m\u001b[23m","ok":true,"timeElapsed":408,"timestamp":"2026-05-28T03:54:26.203Z"}
{"exitCode":"SIGHUP","level":"info","message":"👾 Game executed juego.rpg on c:\\Users\\zagum\\OneDrive\\Documentos\\Santiago\\Cosas\\Tareas\\Programacion Objetos1\\pruebaJuego","timeElapsed":840,"timestamp":"2026-05-28T03:54:26.634Z"}
{"level":"info","message":"🚀 Program executed \u001b[3m\u001b[34mjuego.rpg\u001b[39m\u001b[23m on \u001b[3m\u001b[34mc:\\Users\\zagum\\OneDrive\\Documentos\\Santiago\\Cosas\\Tareas\\Programacion Objetos1\\pruebaJuego\u001b[39m\u001b[23m","ok":true,"timeElapsed":498,"timestamp":"2026-05-28T03:54:28.230Z"}
{"level":"info","message":"⌛ Building environment","timeElapsed":133,"timestamp":"2026-05-28T03:54:47.400Z"}
{"level":"info","message":"⌛ Building environment","timeElapsed":123,"timestamp":"2026-05-28T03:54:47.556Z"}
{"level":"info","message":"⌛ Validating juego.wpgm","timeElapsed":154,"timestamp":"2026-05-28T03:54:47.710Z"}
{"level":"info","message":"⌛ Validating juego.wpgm","timeElapsed":145,"timestamp":"2026-05-28T03:54:47.856Z"}
{"level":"info","message":"⌛ Building environment","timeElapsed":187,"timestamp":"2026-05-28T03:54:48.178Z"}
{"level":"info","message":"⌛ Building environment","timeElapsed":219,"timestamp":"2026-05-28T03:54:48.398Z"}
{"level":"info","message":"⌛ Validating juego.wpgm","timeElapsed":155,"timestamp":"2026-05-28T03:54:48.556Z"}
{"level":"info","message":"⌛ Validating juego.wpgm","timeElapsed":163,"timestamp":"2026-05-28T03:54:48.745Z"}
{"level":"info","message":"⌛ Building environment","timeElapsed":149,"timestamp":"2026-05-28T03:54:48.895Z"}
{"level":"info","message":"⌛ Building environment","timeElapsed":115,"timestamp":"2026-05-28T03:54:49.010Z"}
{"level":"info","message":"⌛ Validating juego.wpgm","timeElapsed":145,"timestamp":"2026-05-28T03:54:49.294Z"}
{"exitCode":"SIGHUP","level":"info","message":"👾 Game executed juego.rpg on c:\\Users\\zagum\\OneDrive\\Documentos\\Santiago\\Cosas\\Tareas\\Programacion Objetos1\\pruebaJuego","timeElapsed":23409,"timestamp":"2026-05-28T03:54:51.141Z"}
{"level":"info","message":"🚀 Program executed \u001b[3m\u001b[34mjuego.rpg\u001b[39m\u001b[23m on \u001b[3m\u001b[34mc:\\Users\\zagum\\OneDrive\\Documentos\\Santiago\\Cosas\\Tareas\\Programacion Objetos1\\pruebaJuego\u001b[39m\u001b[23m","ok":true,"timeElapsed":1821,"timestamp":"2026-05-28T03:54:56.330Z"}
{"level":"info","message":"⌛ Building environment","timeElapsed":126,"timestamp":"2026-05-28T03:56:44.803Z"}
{"level":"info","message":"⌛ Building environment","timeElapsed":242,"timestamp":"2026-05-28T03:56:45.047Z"}
{"level":"info","message":"⌛ Validating juego.wpgm","timeElapsed":157,"timestamp":"2026-05-28T03:56:45.204Z"}
{"level":"info","message":"⌛ Validating juego.wpgm","timeElapsed":144,"timestamp":"2026-05-28T03:56:45.391Z"}
{"level":"info","message":"⌛ Building environment","timeElapsed":117,"timestamp":"2026-05-28T03:56:58.664Z"}
{"level":"info","message":"⌛ Building environment","timeElapsed":127,"timestamp":"2026-05-28T03:57:00.030Z"}
{"level":"info","message":"⌛ Building environment","timeElapsed":106,"timestamp":"2026-05-28T03:57:00.288Z"}
{"level":"info","message":"⌛ Validating juego.wpgm","timeElapsed":112,"timestamp":"2026-05-28T03:57:00.401Z"}
{"level":"info","message":"⌛ Building environment","timeElapsed":140,"timestamp":"2026-05-28T03:57:00.542Z"}
{"level":"info","message":"⌛ Building environment","timeElapsed":115,"timestamp":"2026-05-28T03:57:00.664Z"}
{"level":"info","message":"⌛ Validating juego.wpgm","timeElapsed":118,"timestamp":"2026-05-28T03:57:00.821Z"}
{"level":"info","message":"⌛ Validating juego.wpgm","timeElapsed":130,"timestamp":"2026-05-28T03:57:00.954Z"}
{"level":"info","message":"⌛ Building environment","timeElapsed":126,"timestamp":"2026-05-28T03:57:01.126Z"}
{"level":"info","message":"⌛ Validating juego.wpgm","timeElapsed":128,"timestamp":"2026-05-28T03:57:01.304Z"}
{"level":"info","message":"⌛ Building environment","timeElapsed":101,"timestamp":"2026-05-28T03:57:01.406Z"}
{"level":"info","message":"⌛ Validating juego.wpgm","timeElapsed":128,"timestamp":"2026-05-28T03:57:01.567Z"}
{"level":"info","message":"⌛ Building environment","timeElapsed":120,"timestamp":"2026-05-28T03:57:01.869Z"}
{"level":"info","message":"⌛ Building environment","timeElapsed":119,"timestamp":"2026-05-28T03:57:02.036Z"}
{"level":"info","message":"⌛ Building environment","timeElapsed":116,"timestamp":"2026-05-28T03:57:02.257Z"}
{"level":"info","message":"⌛ Validating juego.wpgm","timeElapsed":112,"timestamp":"2026-05-28T03:57:02.568Z"}
{"level":"info","message":"⌛ Building environment","timeElapsed":126,"timestamp":"2026-05-28T03:57:02.775Z"}
{"level":"info","message":"⌛ Building environment","timeElapsed":153,"timestamp":"2026-05-28T03:57:04.566Z"}
{"level":"info","message":"⌛ Building environment","timeElapsed":134,"timestamp":"2026-05-28T03:57:05.676Z"}
{"level":"info","message":"⌛ Validating juego.wpgm","timeElapsed":119,"timestamp":"2026-05-28T03:57:05.796Z"}
{"level":"info","message":"⌛ Building environment","timeElapsed":124,"timestamp":"2026-05-28T03:57:06.069Z"}
{"level":"info","message":"⌛ Building environment","timeElapsed":124,"timestamp":"2026-05-28T03:57:06.221Z"}
{"level":"info","message":"⌛ Validating juego.wpgm","timeElapsed":152,"timestamp":"2026-05-28T03:57:06.373Z"}
{"level":"info","message":"⌛ Building environment","timeElapsed":188,"timestamp":"2026-05-28T03:57:06.563Z"}
{"level":"info","message":"⌛ Validating juego.wpgm","timeElapsed":116,"timestamp":"2026-05-28T03:57:06.680Z"}
{"level":"info","message":"⌛ Validating juego.wpgm","timeElapsed":105,"timestamp":"2026-05-28T03:57:06.888Z"}
{"level":"info","message":"⌛ Building environment","timeElapsed":212,"timestamp":"2026-05-28T03:57:07.102Z"}
{"level":"info","message":"⌛ Building environment","timeElapsed":198,"timestamp":"2026-05-28T03:57:07.300Z"}
{"level":"info","message":"⌛ Validating juego.wpgm","timeElapsed":129,"timestamp":"2026-05-28T03:57:07.432Z"}
{"level":"info","message":"⌛ Validating juego.wpgm","timeElapsed":107,"timestamp":"2026-05-28T03:57:07.550Z"}
{"level":"info","message":"⌛ Validating juego.wpgm","timeElapsed":122,"timestamp":"2026-05-28T03:57:07.676Z"}
{"level":"info","message":"⌛ Building environment","timeElapsed":128,"timestamp":"2026-05-28T03:57:08.645Z"}
{"level":"error","message":"✘ Completions for node Send ([20:2, 20:21] - juego.wpgm) failed: Error: [Send]{31e73d} at juego.wpgm:20 exhausted all cases without a match [Send]{31e73d} at juego.wpgm:20 exhausted all cases without a match","stack":"Error: [Send]{31e73d} at juego.wpgm:20 exhausted all cases without a match\n    at c:\\Users\\zagum\\.vscode\\extensions\\uqbar.wollok-lsp-ide-0.5.4\\out\\server\\src\\server.js:38:6142\n    at L2 (c:\\Users\\zagum\\.vscode\\extensions\\uqbar.wollok-lsp-ide-0.5.4\\out\\server\\src\\server.js:2389:42)\n    at Jh (c:\\Users\\zagum\\.vscode\\extensions\\uqbar.wollok-lsp-ide-0.5.4\\out\\server\\src\\server.js:2389:1092)\n    at M5n (c:\\Users\\zagum\\.vscode\\extensions\\uqbar.wollok-lsp-ide-0.5.4\\out\\server\\src\\server.js:2389:1248)\n    at c:\\Users\\zagum\\.vscode\\extensions\\uqbar.wollok-lsp-ide-0.5.4\\out\\server\\src\\server.js:38:6131\n    at L2 (c:\\Users\\zagum\\.vscode\\extensions\\uqbar.wollok-lsp-ide-0.5.4\\out\\server\\src\\server.js:2389:42)\n    at c:\\Users\\zagum\\.vscode\\extensions\\uqbar.wollok-lsp-ide-0.5.4\\out\\server\\src\\server.js:2389:2988\n    at c:\\Users\\zagum\\.vscode\\extensions\\uqbar.wollok-lsp-ide-0.5.4\\out\\server\\src\\server.js:2398:8440\n    at c:\\Users\\zagum\\.vscode\\extensions\\uqbar.wollok-lsp-ide-0.5.4\\out\\server\\src\\server.js:37:74872\n    at Ke (c:\\Users\\zagum\\.vscode\\extensions\\uqbar.wollok-lsp-ide-0.5.4\\out\\server\\src\\server.js:7:8527)","timestamp":"2026-05-28T03:57:08.675Z"}
{"level":"info","message":"⌛ Validating juego.wpgm","timeElapsed":169,"timestamp":"2026-05-28T03:57:08.849Z"}
{"level":"info","message":"⌛ Building environment","timeElapsed":215,"timestamp":"2026-05-28T03:57:09.065Z"}
{"level":"info","message":"⌛ Building environment","timeElapsed":140,"timestamp":"2026-05-28T03:57:09.207Z"}
{"level":"info","message":"⌛ Building environment","timeElapsed":182,"timestamp":"2026-05-28T03:57:09.394Z"}
{"level":"info","message":"⌛ Building environment","timeElapsed":122,"timestamp":"2026-05-28T03:57:09.516Z"}
{"level":"info","message":"⌛ Validating juego.wpgm","timeElapsed":134,"timestamp":"2026-05-28T03:57:09.657Z"}
{"level":"info","message":"⌛ Validating juego.wpgm","timeElapsed":161,"timestamp":"2026-05-28T03:57:09.818Z"}
{"level":"info","message":"⌛ Building environment","timeElapsed":101,"timestamp":"2026-05-28T03:57:09.921Z"}
{"level":"info","message":"⌛ Building environment","timeElapsed":121,"timestamp":"2026-05-28T03:57:10.044Z"}
{"level":"info","message":"⌛ Validating juego.wpgm","timeElapsed":104,"timestamp":"2026-05-28T03:57:10.149Z"}
{"level":"info","message":"⌛ Validating juego.wpgm","timeElapsed":115,"timestamp":"2026-05-28T03:57:10.361Z"}
{"level":"info","message":"⌛ Validating juego.wpgm","timeElapsed":111,"timestamp":"2026-05-28T03:57:10.564Z"}
{"level":"info","message":"⌛ Validating juego.wpgm","timeElapsed":121,"timestamp":"2026-05-28T03:57:10.692Z"}
{"level":"info","message":"⌛ Building environment","timeElapsed":119,"timestamp":"2026-05-28T03:57:28.632Z"}
{"level":"info","message":"⌛ Validating juego.wpgm","timeElapsed":109,"timestamp":"2026-05-28T03:57:28.747Z"}
{"level":"info","message":"⌛ Building environment","timeElapsed":129,"timestamp":"2026-05-28T03:57:28.876Z"}
{"level":"error","message":"✘ Completions for node Send ([20:2, 20:27] - juego.wpgm) failed: Error: [Send]{58ed47} at juego.wpgm:20 exhausted all cases without a match [Send]{58ed47} at juego.wpgm:20 exhausted all cases without a match","stack":"Error: [Send]{58ed47} at juego.wpgm:20 exhausted all cases without a match\n    at c:\\Users\\zagum\\.vscode\\extensions\\uqbar.wollok-lsp-ide-0.5.4\\out\\server\\src\\server.js:38:6142\n    at L2 (c:\\Users\\zagum\\.vscode\\extensions\\uqbar.wollok-lsp-ide-0.5.4\\out\\server\\src\\server.js:2389:42)\n    at c:\\Users\\zagum\\.vscode\\extensions\\uqbar.wollok-lsp-ide-0.5.4\\out\\server\\src\\server.js:2389:2988\n    at c:\\Users\\zagum\\.vscode\\extensions\\uqbar.wollok-lsp-ide-0.5.4\\out\\server\\src\\server.js:2398:8440\n    at c:\\Users\\zagum\\.vscode\\extensions\\uqbar.wollok-lsp-ide-0.5.4\\out\\server\\src\\server.js:37:74872\n    at Ke (c:\\Users\\zagum\\.vscode\\extensions\\uqbar.wollok-lsp-ide-0.5.4\\out\\server\\src\\server.js:7:8527)\n    at Lt (c:\\Users\\zagum\\.vscode\\extensions\\uqbar.wollok-lsp-ide-0.5.4\\out\\server\\src\\server.js:7:6189)\n    at ct (c:\\Users\\zagum\\.vscode\\extensions\\uqbar.wollok-lsp-ide-0.5.4\\out\\server\\src\\server.js:7:6378)\n    at Immediate._onImmediate (c:\\Users\\zagum\\.vscode\\extensions\\uqbar.wollok-lsp-ide-0.5.4\\out\\server\\src\\server.js:7:6142)\n    at process.processImmediate (node:internal/timers:484:21)","timestamp":"2026-05-28T03:57:28.993Z"}
{"level":"info","message":"⌛ Building environment","timeElapsed":125,"timestamp":"2026-05-28T03:57:29.309Z"}
{"level":"error","message":"✘ Completions for node Send ([20:2, 20:28] - juego.wpgm) failed: Error: [Send]{60ee19} at juego.wpgm:20 exhausted all cases without a match [Send]{60ee19} at juego.wpgm:20 exhausted all cases without a match","stack":"Error: [Send]{60ee19} at juego.wpgm:20 exhausted all cases without a match\n    at c:\\Users\\zagum\\.vscode\\extensions\\uqbar.wollok-lsp-ide-0.5.4\\out\\server\\src\\server.js:38:6142\n    at L2 (c:\\Users\\zagum\\.vscode\\extensions\\uqbar.wollok-lsp-ide-0.5.4\\out\\server\\src\\server.js:2389:42)\n    at c:\\Users\\zagum\\.vscode\\extensions\\uqbar.wollok-lsp-ide-0.5.4\\out\\server\\src\\server.js:2389:2988\n    at c:\\Users\\zagum\\.vscode\\extensions\\uqbar.wollok-lsp-ide-0.5.4\\out\\server\\src\\server.js:2398:8440\n    at c:\\Users\\zagum\\.vscode\\extensions\\uqbar.wollok-lsp-ide-0.5.4\\out\\server\\src\\server.js:37:74872\n    at Ke (c:\\Users\\zagum\\.vscode\\extensions\\uqbar.wollok-lsp-ide-0.5.4\\out\\server\\src\\server.js:7:8527)\n    at Lt (c:\\Users\\zagum\\.vscode\\extensions\\uqbar.wollok-lsp-ide-0.5.4\\out\\server\\src\\server.js:7:6189)\n    at ct (c:\\Users\\zagum\\.vscode\\extensions\\uqbar.wollok-lsp-ide-0.5.4\\out\\server\\src\\server.js:7:6378)\n    at Immediate._onImmediate (c:\\Users\\zagum\\.vscode\\extensions\\uqbar.wollok-lsp-ide-0.5.4\\out\\server\\src\\server.js:7:6142)\n    at process.processImmediate (node:internal/timers:484:21)","timestamp":"2026-05-28T03:57:29.332Z"}
{"level":"info","message":"⌛ Validating juego.wpgm","timeElapsed":107,"timestamp":"2026-05-28T03:57:29.632Z"}
{"level":"info","message":"⌛ Building environment","timeElapsed":143,"timestamp":"2026-05-28T03:57:29.775Z"}
{"level":"info","message":"⌛ Building environment","timeElapsed":106,"timestamp":"2026-05-28T03:57:29.881Z"}
{"level":"info","message":"⌛ Validating juego.wpgm","timeElapsed":118,"timestamp":"2026-05-28T03:57:30.000Z"}
{"level":"error","message":"✘ Completions for node Send ([20:2, 20:32] - juego.wpgm) failed: Error: [Send]{ed271a} at juego.wpgm:20 exhausted all cases without a match [Send]{ed271a} at juego.wpgm:20 exhausted all cases without a match","stack":"Error: [Send]{ed271a} at juego.wpgm:20 exhausted all cases without a match\n    at c:\\Users\\zagum\\.vscode\\extensions\\uqbar.wollok-lsp-ide-0.5.4\\out\\server\\src\\server.js:38:6142\n    at L2 (c:\\Users\\zagum\\.vscode\\extensions\\uqbar.wollok-lsp-ide-0.5.4\\out\\server\\src\\server.js:2389:42)\n    at c:\\Users\\zagum\\.vscode\\extensions\\uqbar.wollok-lsp-ide-0.5.4\\out\\server\\src\\server.js:2389:2988\n    at c:\\Users\\zagum\\.vscode\\extensions\\uqbar.wollok-lsp-ide-0.5.4\\out\\server\\src\\server.js:2398:8440\n    at c:\\Users\\zagum\\.vscode\\extensions\\uqbar.wollok-lsp-ide-0.5.4\\out\\server\\src\\server.js:37:74872\n    at Ke (c:\\Users\\zagum\\.vscode\\extensions\\uqbar.wollok-lsp-ide-0.5.4\\out\\server\\src\\server.js:7:8527)\n    at Lt (c:\\Users\\zagum\\.vscode\\extensions\\uqbar.wollok-lsp-ide-0.5.4\\out\\server\\src\\server.js:7:6189)\n    at ct (c:\\Users\\zagum\\.vscode\\extensions\\uqbar.wollok-lsp-ide-0.5.4\\out\\server\\src\\server.js:7:6378)\n    at Immediate._onImmediate (c:\\Users\\zagum\\.vscode\\extensions\\uqbar.wollok-lsp-ide-0.5.4\\out\\server\\src\\server.js:7:6142)\n    at process.processImmediate (node:internal/timers:484:21)","timestamp":"2026-05-28T03:57:30.029Z"}
{"level":"info","message":"⌛ Validating juego.wpgm","timeElapsed":110,"timestamp":"2026-05-28T03:57:30.230Z"}
{"exitCode":"SIGHUP","level":"info","message":"👾 Game executed juego.rpg on c:\\Users\\zagum\\OneDrive\\Documentos\\Santiago\\Cosas\\Tareas\\Programacion Objetos1\\pruebaJuego","timeElapsed":159702,"timestamp":"2026-05-28T03:57:34.207Z"}
{"level":"info","message":"🚀 Program executed \u001b[3m\u001b[34mjuego.rpg\u001b[39m\u001b[23m on \u001b[3m\u001b[34mc:\\Users\\zagum\\OneDrive\\Documentos\\Santiago\\Cosas\\Tareas\\Programacion Objetos1\\pruebaJuego\u001b[39m\u001b[23m","ok":true,"timeElapsed":752,"timestamp":"2026-05-28T03:57:37.346Z"}
